Archive member included to satisfy reference by file (symbol)

C:/ST/STM32CubeIDE_1.19.0/STM32CubeIDE/plugins/com.st.stm32cube.ide.mcu.externaltools.gnu-tools-for-stm32.13.3.rel1.win32_1.0.0.202411081344/tools/bin/../lib/gcc/arm-none-eabi/13.3.1/../../../../arm-none-eabi/lib/thumb/v7e-m+fp/hard\libc_nano.a(libc_a-exit.o)
                              C:/ST/STM32CubeIDE_1.19.0/STM32CubeIDE/plugins/com.st.stm32cube.ide.mcu.externaltools.gnu-tools-for-stm32.13.3.rel1.win32_1.0.0.202411081344/tools/bin/../lib/gcc/arm-none-eabi/13.3.1/../../../../arm-none-eabi/lib/thumb/v7e-m+fp/hard/crt0.o (exit)
C:/ST/STM32CubeIDE_1.19.0/STM32CubeIDE/plugins/com.st.stm32cube.ide.mcu.externaltools.gnu-tools-for-stm32.13.3.rel1.win32_1.0.0.202411081344/tools/bin/../lib/gcc/arm-none-eabi/13.3.1/../../../../arm-none-eabi/lib/thumb/v7e-m+fp/hard\libc_nano.a(libc_a-findfp.o)
                              C:/ST/STM32CubeIDE_1.19.0/STM32CubeIDE/plugins/com.st.stm32cube.ide.mcu.externaltools.gnu-tools-for-stm32.13.3.rel1.win32_1.0.0.202411081344/tools/bin/../lib/gcc/arm-none-eabi/13.3.1/../../../../arm-none-eabi/lib/thumb/v7e-m+fp/hard\libc_nano.a(libc_a-exit.o) (__stdio_exit_handler)
C:/ST/STM32CubeIDE_1.19.0/STM32CubeIDE/plugins/com.st.stm32cube.ide.mcu.externaltools.gnu-tools-for-stm32.13.3.rel1.win32_1.0.0.202411081344/tools/bin/../lib/gcc/arm-none-eabi/13.3.1/../../../../arm-none-eabi/lib/thumb/v7e-m+fp/hard\libc_nano.a(libc_a-fwalk.o)
                              C:/ST/STM32CubeIDE_1.19.0/STM32CubeIDE/plugins/com.st.stm32cube.ide.mcu.externaltools.gnu-tools-for-stm32.13.3.rel1.win32_1.0.0.202411081344/tools/bin/../lib/gcc/arm-none-eabi/13.3.1/../../../../arm-none-eabi/lib/thumb/v7e-m+fp/hard\libc_nano.a(libc_a-findfp.o) (_fwalk_sglue)
C:/ST/STM32CubeIDE_1.19.0/STM32CubeIDE/plugins/com.st.stm32cube.ide.mcu.externaltools.gnu-tools-for-stm32.13.3.rel1.win32_1.0.0.202411081344/tools/bin/../lib/gcc/arm-none-eabi/13.3.1/../../../../arm-none-eabi/lib/thumb/v7e-m+fp/hard\libc_nano.a(libc_a-stdio.o)
                              C:/ST/STM32CubeIDE_1.19.0/STM32CubeIDE/plugins/com.st.stm32cube.ide.mcu.externaltools.gnu-tools-for-stm32.13.3.rel1.win32_1.0.0.202411081344/tools/bin/../lib/gcc/arm-none-eabi/13.3.1/../../../../arm-none-eabi/lib/thumb/v7e-m+fp/hard\libc_nano.a(libc_a-findfp.o) (__sread)
C:/ST/STM32CubeIDE_1.19.0/STM32CubeIDE/plugins/com.st.stm32cube.ide.mcu.externaltools.gnu-tools-for-stm32.13.3.rel1.win32_1.0.0.202411081344/tools/bin/../lib/gcc/arm-none-eabi/13.3.1/../../../../arm-none-eabi/lib/thumb/v7e-m+fp/hard\libc_nano.a(libc_a-memset.o)
                              C:/ST/STM32CubeIDE_1.19.0/STM32CubeIDE/plugins/com.st.stm32cube.ide.mcu.externaltools.gnu-tools-for-stm32.13.3.rel1.win32_1.0.0.202411081344/tools/bin/../lib/gcc/arm-none-eabi/13.3.1/../../../../arm-none-eabi/lib/thumb/v7e-m+fp/hard/crt0.o (memset)
C:/ST/STM32CubeIDE_1.19.0/STM32CubeIDE/plugins/com.st.stm32cube.ide.mcu.externaltools.gnu-tools-for-stm32.13.3.rel1.win32_1.0.0.202411081344/tools/bin/../lib/gcc/arm-none-eabi/13.3.1/../../../../arm-none-eabi/lib/thumb/v7e-m+fp/hard\libc_nano.a(libc_a-closer.o)
                              C:/ST/STM32CubeIDE_1.19.0/STM32CubeIDE/plugins/com.st.stm32cube.ide.mcu.externaltools.gnu-tools-for-stm32.13.3.rel1.win32_1.0.0.202411081344/tools/bin/../lib/gcc/arm-none-eabi/13.3.1/../../../../arm-none-eabi/lib/thumb/v7e-m+fp/hard\libc_nano.a(libc_a-stdio.o) (_close_r)
C:/ST/STM32CubeIDE_1.19.0/STM32CubeIDE/plugins/com.st.stm32cube.ide.mcu.externaltools.gnu-tools-for-stm32.13.3.rel1.win32_1.0.0.202411081344/tools/bin/../lib/gcc/arm-none-eabi/13.3.1/../../../../arm-none-eabi/lib/thumb/v7e-m+fp/hard\libc_nano.a(libc_a-reent.o)
                              C:/ST/STM32CubeIDE_1.19.0/STM32CubeIDE/plugins/com.st.stm32cube.ide.mcu.externaltools.gnu-tools-for-stm32.13.3.rel1.win32_1.0.0.202411081344/tools/bin/../lib/gcc/arm-none-eabi/13.3.1/../../../../arm-none-eabi/lib/thumb/v7e-m+fp/hard\libc_nano.a(libc_a-closer.o) (errno)
C:/ST/STM32CubeIDE_1.19.0/STM32CubeIDE/plugins/com.st.stm32cube.ide.mcu.externaltools.gnu-tools-for-stm32.13.3.rel1.win32_1.0.0.202411081344/tools/bin/../lib/gcc/arm-none-eabi/13.3.1/../../../../arm-none-eabi/lib/thumb/v7e-m+fp/hard\libc_nano.a(libc_a-impure.o)
                              C:/ST/STM32CubeIDE_1.19.0/STM32CubeIDE/plugins/com.st.stm32cube.ide.mcu.externaltools.gnu-tools-for-stm32.13.3.rel1.win32_1.0.0.202411081344/tools/bin/../lib/gcc/arm-none-eabi/13.3.1/../../../../arm-none-eabi/lib/thumb/v7e-m+fp/hard\libc_nano.a(libc_a-reent.o) (_impure_ptr)
C:/ST/STM32CubeIDE_1.19.0/STM32CubeIDE/plugins/com.st.stm32cube.ide.mcu.externaltools.gnu-tools-for-stm32.13.3.rel1.win32_1.0.0.202411081344/tools/bin/../lib/gcc/arm-none-eabi/13.3.1/../../../../arm-none-eabi/lib/thumb/v7e-m+fp/hard\libc_nano.a(libc_a-lseekr.o)
[...]
Memory Configuration

Name             Origin             Length             Attributes
RAM              0x20000000         0x00020000         xrw
FLASH            0x08000000         0x00080000         xr
*default*        0x00000000         0xffffffff

Linker script and memory map

LOAD C:/ST/STM32CubeIDE_1.19.0/STM32CubeIDE/plugins/com.st.stm32cube.ide.mcu.externaltools.gnu-tools-for-stm32.13.3.rel1.win32_1.0.0.202411081344/tools/bin/../lib/gcc/arm-none-eabi/13.3.1/thumb/v7e-m+fp/hard/crti.o
LOAD C:/ST/STM32CubeIDE_1.19.0/STM32CubeIDE/plugins/com.st.stm32cube.ide.mcu.externaltools.gnu-tools-for-stm32.13.3.rel1.win32_1.0.0.202411081344/tools/bin/../lib/gcc/arm-none-eabi/13.3.1/thumb/v7e-m+fp/hard/crtbegin.o
LOAD C:/ST/STM32CubeIDE_1.19.0/STM32CubeIDE/plugins/com.st.stm32cube.ide.mcu.externaltools.gnu-tools-for-stm32.13.3.rel1.win32_1.0.0.202411081344/tools/bin/../lib/gcc/arm-none-eabi/13.3.1/../../../../arm-none-eabi/lib/thumb/v7e-m+fp/hard/crt0.o
LOAD ./Core/Src/adc.o
LOAD ./Core/Src/cell.o
LOAD ./Core/Src/diagnostics.o
LOAD ./Core/Src/fdcan.o
LOAD ./Core/Src/gpio.o
LOAD ./Core/Src/i2c.o
LOAD ./Core/Src/lptim.o
LOAD ./Core/Src/main.o
LOAD ./Core/Src/scheduler.o
LOAD ./Core/Src/soc.o
LOAD ./Core/Src/stm32g4xx_hal_msp.o
LOAD ./Core/Src/stm32g4xx_it.o
LOAD ./Core/Src/syscalls.o
LOAD ./Core/Src/sysmem.o
LOAD ./Core/Src/system_monitor.o
LOAD ./Core/Src/system_stm32g4xx.o
LOAD ./Core/Src/utilities.o
LOAD ./Core/Src/wwdg.o
LOAD ./Core/Startup/startup_stm32g473retx.o
LOAD ./Drivers/STM32G4xx_HAL_Driver/Src/stm32g4xx_hal.o
LOAD ./Drivers/STM32G4xx_HAL_Driver/Src/stm32g4xx_hal_adc.o
LOAD ./Drivers/STM32G4xx_HAL_Driver/Src/stm32g4xx_hal_adc_ex.o
LOAD ./Drivers/STM32G4xx_HAL_Driver/Src/stm32g4xx_hal_cortex.o
LOAD ./Drivers/STM32G4xx_HAL_Driver/Src/stm32g4xx_hal_dma.o
LOAD ./Drivers/STM32G4xx_HAL_Driver/Src/stm32g4xx_hal_dma_ex.o
LOAD ./Drivers/STM32G4xx_HAL_Driver/Src/stm32g4xx_hal_exti.o
LOAD ./Drivers/STM32G4xx_HAL_Driver/Src/stm32g4xx_hal_fdcan.o
LOAD ./Drivers/STM32G4xx_HAL_Driver/Src/stm32g4xx_hal_flash.o
LOAD ./Drivers/STM32G4xx_HAL_Driver/Src/stm32g4xx_hal_flash_ex.o
LOAD ./Drivers/STM32G4xx_HAL_Driver/Src/stm32g4xx_hal_flash_ramfunc.o
LOAD ./Drivers/STM32G4xx_HAL_Driver/Src/stm32g4xx_hal_gpio.o
LOAD ./Drivers/STM32G4xx_HAL_Driver/Src/stm32g4xx_hal_i2c.o
LOAD ./Drivers/STM32G4xx_HAL_Driver/Src/stm32g4xx_hal_i2c_ex.o
LOAD ./Drivers/STM32G4xx_HAL_Driver/Src/stm32g4xx_hal_lptim.o
LOAD ./Drivers/STM32G4xx_HAL_Driver/Src/stm32g4xx_hal_pwr.o
LOAD ./Drivers/STM32G4xx_HAL_Driver/Src/stm32g4xx_hal_pwr_ex.o
LOAD ./Drivers/STM32G4xx_HAL_Driver/Src/stm32g4xx_hal_rcc.o
LOAD ./Drivers/STM32G4xx_HAL_Driver/Src/stm32g4xx_hal_rcc_ex.o
LOAD ./Drivers/STM32G4xx_HAL_Driver/Src/stm32g4xx_hal_wwdg.o
LOAD ./Drivers/STM32G4xx_HAL_Driver/Src/stm32g4xx_ll_adc.o
START GROUP
LOAD C:/ST/STM32CubeIDE_1.19.0/STM32CubeIDE/plugins/com.st.stm32cube.ide.mcu.externaltools.gnu-tools-for-stm32.13.3.rel1.win32_1.0.0.202411081344/tools/bin/../lib/gcc/arm-none-eabi/13.3.1/../../../../arm-none-eabi/lib/thumb/v7e-m+fp/hard\libc_nano.a
LOAD C:/ST/STM32CubeIDE_1.19.0/STM32CubeIDE/plugins/com.st.stm32cube.ide.mcu.externaltools.gnu-tools-for-stm32.13.3.rel1.win32_1.0.0.202411081344/tools/bin/../lib/gcc/arm-none-eabi/13.3.1/../../../../arm-none-eabi/lib/thumb/v7e-m+fp/hard\libm.a
END GROUP
START GROUP
LOAD C:/ST/STM32CubeIDE_1.19.0/STM32CubeIDE/plugins/com.st.stm32cube.ide.mcu.externaltools.gnu-tools-for-stm32.13.3.rel1.win32_1.0.0.202411081344/tools/bin/../lib/gcc/arm-none-eabi/13.3.1/thumb/v7e-m+fp/hard\libgcc.a
LOAD C:/ST/STM32CubeIDE_1.19.0/STM32CubeIDE/plugins/com.st.stm32cube.ide.mcu.externaltools.gnu-tools-for-stm32.13.3.rel1.win32_1.0.0.202411081344/tools/bin/../lib/gcc/arm-none-eabi/13.3.1/../../../../arm-none-eabi/lib/thumb/v7e-m+fp/hard\libc_nano.a
END GROUP
START GROUP
LOAD C:/ST/STM32CubeIDE_1.19.0/STM32CubeIDE/plugins/com.st.stm32cube.ide.mcu.externaltools.gnu-tools-for-stm32.13.3.rel1.win32_1.0.0.202411081344/tools/bin/../lib/gcc/arm-none-eabi/13.3.1/thumb/v7e-m+fp/hard\libgcc.a
LOAD C:/ST/STM32CubeIDE_1.19.0/STM32CubeIDE/plugins/com.st.stm32cube.ide.mcu.externaltools.gnu-tools-for-stm32.13.3.rel1.win32_1.0.0.202411081344/tools/bin/../lib/gcc/arm-none-eabi/13.3.1/../../../../arm-none-eabi/lib/thumb/v7e-m+fp/hard\libc_nano.a
LOAD C:/ST/STM32CubeIDE_1.19.0/STM32CubeIDE/plugins/com.st.stm32cube.ide.mcu.externaltools.gnu-tools-for-stm32.13.3.rel1.win32_1.0.0.202411081344/tools/bin/../lib/gcc/arm-none-eabi/13.3.1/../../../../arm-none-eabi/lib/thumb/v7e-m+fp/hard\libnosys.a
END GROUP
START GROUP
LOAD C:/ST/STM32CubeIDE_1.19.0/STM32CubeIDE/plugins/com.st.stm32cube.ide.mcu.externaltools.gnu-tools-for-stm32.13.3.rel1.win32_1.0.0.202411081344/tools/bin/../lib/gcc/arm-none-eabi/13.3.1/thumb/v7e-m+fp/hard\libgcc.a
LOAD C:/ST/STM32CubeIDE_1.19.0/STM32CubeIDE/plugins/com.st.stm32cube.ide.mcu.externaltools.gnu-tools-for-stm32.13.3.rel1.win32_1.0.0.202411081344/tools/bin/../lib/gcc/arm-none-eabi/13.3.1/../../../../arm-none-eabi/lib/thumb/v7e-m+fp/hard\libc_nano.a
LOAD C:/ST/STM32CubeIDE_1.19.0/STM32CubeIDE/plugins/com.st.stm32cube.ide.mcu.externaltools.gnu-tools-for-stm32.13.3.rel1.win32_1.0.0.202411081344/tools/bin/../lib/gcc/arm-none-eabi/13.3.1/../../../../arm-none-eabi/lib/thumb/v7e-m+fp/hard\libnosys.a
END GROUP
LOAD C:/ST/STM32CubeIDE_1.19.0/STM32CubeIDE/plugins/com.st.stm32cube.ide.mcu.externaltools.gnu-tools-for-stm32.13.3.rel1.win32_1.0.0.202411081344/tools/bin/../lib/gcc/arm-none-eabi/13.3.1/thumb/v7e-m+fp/hard/crtend.o
LOAD C:/ST/STM32CubeIDE_1.19.0/STM32CubeIDE/plugins/com.st.stm32cube.ide.mcu.externaltools.gnu-tools-for-stm32.13.3.rel1.win32_1.0.0.202411081344/tools/bin/../lib/gcc/arm-none-eabi/13.3.1/thumb/v7e-m+fp/hard/crtn.o
                0x20020000                        _estack = (ORIGIN (RAM) + LENGTH (RAM))
                0x00000200                        _Min_Heap_Size = 0x200
                0x00000400                        _Min_Stack_Size = 0x400

.isr_vector     0x08000000      0x1d8
                0x08000000                        . = ALIGN (0x4)
 *(.isr_vector)
 .isr_vector    0x08000000      0x1d8 ./Core/Startup/startup_stm32g473retx.o
                0x08000000                g_pfnVectors
                0x080001d8                        . = ALIGN (0x4)

.text           0x080001d8     0x64b8
                0x080001d8                        . = ALIGN (0x4)
 *(.text)
 .text          0x080001d8       0x40 C:/ST/STM32CubeIDE_1.19.0/STM32CubeIDE/plugins/com.st.stm32cube.ide.mcu.externaltools.gnu-tools-for-stm32.13.3.rel1.win32_1.0.0.202411081344/tools/bin/../lib/gcc/arm-none-eabi/13.3.1/thumb/v7e-m+fp/hard/crtbegin.o
 .text          0x08000218      0x378 C:/ST/STM32CubeIDE_1.19.0/STM32CubeIDE/plugins/com.st.stm32cube.ide.mcu.externaltools.gnu-tools-for-stm32.13.3.rel1.win32_1.0.0.202411081344/tools/bin/../lib/gcc/arm-none-eabi/13.3.1/thumb/v7e-m+fp/hard\libgcc.a(_arm_addsubdf3.o)
                0x08000218                __aeabi_drsub
                0x08000220                __aeabi_dsub
                0x08000220                __subdf3
                0x08000224                __aeabi_dadd
                0x08000224                __adddf3
                0x0800049c                __floatunsidf
                0x0800049c                __aeabi_ui2d
                0x080004bc                __floatsidf
                0x080004bc                __aeabi_i2d
                0x080004e0                __aeabi_f2d
                0x080004e0                __extendsfdf2
                0x08000524                __floatundidf
                0x08000524                __aeabi_ul2d
                0x08000534                __floatdidf
                0x08000534                __aeabi_l2d
 .text          0x08000590      0x424 C:/ST/STM32CubeIDE_1.19.0/STM32CubeIDE/plugins/com.st.stm32cube.ide.mcu.externaltools.gnu-tools-for-stm32.13.3.rel1.win32_1.0.0.202411081344/tools/bin/../lib/gcc/arm-none-eabi/13.3.1/thumb/v7e-m+fp/hard\libgcc.a(_arm_muldivdf3.o)
                0x08000590                __aeabi_dmul
                0x08000590                __muldf3
                0x080007e4                __divdf3
                0x080007e4                __aeabi_ddiv
 .text          0x080009b4       0x50 C:/ST/STM32CubeIDE_1.19.0/STM32CubeIDE/plugins/com.st.stm32cube.ide.mcu.externaltools.gnu-tools-for-stm32.13.3.rel1.win32_1.0.0.202411081344/tools/bin/../lib/gcc/arm-none-eabi/13.3.1/thumb/v7e-m+fp/hard\libgcc.a(_arm_fixdfsi.o)
                0x080009b4                __aeabi_d2iz
                0x080009b4                __fixdfsi
 *(.text*)
 .text.MX_ADC2_Init
                0x08000a04       0xec ./Core/Src/adc.o
                0x08000a04                MX_ADC2_Init
 .text.HAL_ADC_MspInit
                0x08000af0       0xac ./Core/Src/adc.o
                0x08000af0                HAL_ADC_MspInit
 .text.ch1Current
                0x08000b9c       0x4c ./Core/Src/adc.o
                0x08000b9c                ch1Current
 .text.ch2Current
                0x08000be8       0x6c ./Core/Src/adc.o
                0x08000be8                ch2Current
 .text.ADC2_GetTSCurrent
                0x08000c54       0x84 ./Core/Src/adc.o
                0x08000c54                ADC2_GetTSCurrent
 .text.ADC2_GetTSCurrentTask
                0x08000cd8       0x16 ./Core/Src/adc.o
                0x08000cd8                ADC2_GetTSCurrentTask
 .text.Diagnostics_Init
                0x08000cee        0xe ./Core/Src/diagnostics.o
                0x08000cee                Diagnostics_Init
 .text.Diagnostics_PerformCheck
                0x08000cfc        0xe ./Core/Src/diagnostics.o
                0x08000cfc                Diagnostics_PerformCheck
 *fill*         0x08000d0a        0x2 
 .text.MX_FDCAN1_Init
                0x08000d0c       0x8c ./Core/Src/fdcan.o
                0x08000d0c                MX_FDCAN1_Init
 .text.MX_FDCAN2_Init
                0x08000d98       0x8c ./Core/Src/fdcan.o
                0x08000d98                MX_FDCAN2_Init
 .text.HAL_FDCAN_MspInit
                0x08000e24      0x160 ./Core/Src/fdcan.o
                0x08000e24                HAL_FDCAN_MspInit
 .text.FDCAN_Config
                0x08000f84       0xfc ./Core/Src/fdcan.o
                0x08000f84                FDCAN_Config
 .text.HAL_FDCAN_RxFifo0Callback
                0x08001080       0x70 ./Core/Src/fdcan.o
                0x08001080                HAL_FDCAN_RxFifo0Callback
 .text.FDCAN1_Config_And_Start
                0x080010f0       0x1c ./Core/Src/fdcan.o
                0x080010f0                FDCAN1_Config_And_Start
 .text.FDCAN2_Config_And_Start
                0x0800110c       0x1c ./Core/Src/fdcan.o
                0x0800110c                FDCAN2_Config_And_Start
 .text.CAN_Transmit
                0x08001128       0x58 ./Core/Src/fdcan.o
                0x08001128                CAN_Transmit
 .text.MX_GPIO_Init
                0x08001180      0x108 ./Core/Src/gpio.o
                0x08001180                MX_GPIO_Init
 .text.CheckChargerConnection
                0x08001288       0x48 ./Core/Src/gpio.o
                0x08001288                CheckChargerConnection
 .text.UpdateAMSStatus
                0x080012d0       0x30 ./Core/Src/gpio.o
                0x080012d0                UpdateAMSStatus
 .text.MX_I2C3_Init
                0x08001300       0x80 ./Core/Src/i2c.o
                0x08001300                MX_I2C3_Init
 .text.HAL_I2C_MspInit
                0x08001380       0xb4 ./Core/Src/i2c.o
                0x08001380                HAL_I2C_MspInit
 .text.I2C_Read
                0x08001434       0x40 ./Core/Src/i2c.o
                0x08001434                I2C_Read
 .text.LM75B_ConvertTemp
                0x08001474       0x54 ./Core/Src/i2c.o
                0x08001474                LM75B_ConvertTemp
 .text.I2C3_SensorRead
                0x080014c8       0x3c ./Core/Src/i2c.o
                0x080014c8                I2C3_SensorRead
 .text.MX_LPTIM1_Init
                0x08001504       0x58 ./Core/Src/lptim.o
                0x08001504                MX_LPTIM1_Init
 .text.HAL_LPTIM_MspInit
                0x0800155c       0x68 ./Core/Src/lptim.o
                0x0800155c                HAL_LPTIM_MspInit
 .text.main     0x080015c4       0x7c ./Core/Src/main.o
                0x080015c4                main
 .text.SystemClock_Config
                0x08001640       0x80 ./Core/Src/main.o
                0x08001640                SystemClock_Config
 .text.Error_Handler
                0x080016c0        0xc ./Core/Src/main.o
                0x080016c0                Error_Handler
 .text.Scheduler_Init
                0x080016cc       0x6c ./Core/Src/scheduler.o
                0x080016cc                Scheduler_Init
 .text.Scheduler_AddTask
                0x08001738       0x78 ./Core/Src/scheduler.o
                0x08001738                Scheduler_AddTask
 .text.Scheduler_RunTasks
                0x080017b0       0x8c ./Core/Src/scheduler.o
                0x080017b0                Scheduler_RunTasks
 .text.CalculateSOC
                0x0800183c       0x18 ./Core/Src/soc.o
                0x0800183c                CalculateSOC
 .text.CalculateSOH
                0x08001854       0x18 ./Core/Src/soc.o
                0x08001854                CalculateSOH
 .text.HAL_MspInit
                0x0800186c       0x48 ./Core/Src/stm32g4xx_hal_msp.o
                0x0800186c                HAL_MspInit
 .text.FDCAN1_IT0_IRQHandler
                0x080018b4       0x14 ./Core/Src/stm32g4xx_it.o
                0x080018b4                FDCAN1_IT0_IRQHandler
 .text.FDCAN1_IT1_IRQHandler
                0x080018c8       0x14 ./Core/Src/stm32g4xx_it.o
                0x080018c8                FDCAN1_IT1_IRQHandler
 .text.FDCAN2_IT0_IRQHandler
                0x080018dc       0x14 ./Core/Src/stm32g4xx_it.o
                0x080018dc                FDCAN2_IT0_IRQHandler
 .text.FDCAN2_IT1_IRQHandler
                0x080018f0       0x14 ./Core/Src/stm32g4xx_it.o
                0x080018f0                FDCAN2_IT1_IRQHandler
 .text.NMI_Handler
                0x08001904        0x8 ./Core/Src/stm32g4xx_it.o
                0x08001904                NMI_Handler
 .text.HardFault_Handler
                0x0800190c        0x8 ./Core/Src/stm32g4xx_it.o
                0x0800190c                HardFault_Handler
 .text.MemManage_Handler
                0x08001914        0x8 ./Core/Src/stm32g4xx_it.o
                0x08001914                MemManage_Handler
 .text.BusFault_Handler
                0x0800191c        0x8 ./Core/Src/stm32g4xx_it.o
                0x0800191c                BusFault_Handler
 .text.UsageFault_Handler
                0x08001924        0x8 ./Core/Src/stm32g4xx_it.o
                0x08001924                UsageFault_Handler
 .text.SVC_Handler
                0x0800192c        0xe ./Core/Src/stm32g4xx_it.o
                0x0800192c                SVC_Handler
 .text.DebugMon_Handler
                0x0800193a        0xe ./Core/Src/stm32g4xx_it.o
                0x0800193a                DebugMon_Handler
 .text.PendSV_Handler
                0x08001948        0xe ./Core/Src/stm32g4xx_it.o
                0x08001948                PendSV_Handler
 .text.SysTick_Handler
                0x08001956        0xc ./Core/Src/stm32g4xx_it.o
                0x08001956                SysTick_Handler
 .text.SystemMonitor_CurrentFaultDetection
                0x08001962       0x18 ./Core/Src/system_monitor.o
 *fill*         0x0800197a        0x2 
 .text.SystemMonitor_Init
                0x0800197c       0xb8 ./Core/Src/system_monitor.o
                0x0800197c                SystemMonitor_Init
 .text.setSystemMode
                0x08001a34       0x20 ./Core/Src/system_monitor.o
                0x08001a34                setSystemMode
 .text.SystemMonitor_Update
                0x08001a54       0x98 ./Core/Src/system_monitor.o
                0x08001a54                SystemMonitor_Update
 .text.SystemMonitor_HandleRxCAN1
                0x08001aec       0x84 ./Core/Src/system_monitor.o
                0x08001aec                SystemMonitor_HandleRxCAN1
 .text.SystemMonitor_HandleRxCAN2
                0x08001b70       0x64 ./Core/Src/system_monitor.o
                0x08001b70                SystemMonitor_HandleRxCAN2
 .text.SystemMonitor_UpdateCellVoltageData
                0x08001bd4       0x94 ./Core/Src/system_monitor.o
                0x08001bd4                SystemMonitor_UpdateCellVoltageData
 .text.SystemMonitor_UpdateTemperatureData
                0x08001c68       0xe4 ./Core/Src/system_monitor.o
                0x08001c68                SystemMonitor_UpdateTemperatureData
 .text.SystemMonitor_CalculateTotalPackVoltage
                0x08001d4c       0x8a ./Core/Src/system_monitor.o
                0x08001d4c                SystemMonitor_CalculateTotalPackVoltage
 *fill*         0x08001dd6        0x2 
 .text.SystemMonitor_SendCAN
                0x08001dd8       0x88 ./Core/Src/system_monitor.o
                0x08001dd8                SystemMonitor_SendCAN
 .text.SystemInit
                0x08001e60       0x24 ./Core/Src/system_stm32g4xx.o
                0x08001e60                SystemInit
 .text.Reset_Handler
                0x08001e84       0x50 ./Core/Startup/startup_stm32g473retx.o
                0x08001e84                Reset_Handler
 .text.Default_Handler
                0x08001ed4        0x2 ./Core/Startup/startup_stm32g473retx.o
                0x08001ed4                RTC_Alarm_IRQHandler
                0x08001ed4                EXTI2_IRQHandler
                0x08001ed4                TIM8_TRG_COM_IRQHandler
                0x08001ed4                TIM8_CC_IRQHandler
                0x08001ed4                SPI4_IRQHandler
                0x08001ed4                FDCAN3_IT0_IRQHandler
                0x08001ed4                TIM1_CC_IRQHandler
                0x08001ed4                USB_HP_IRQHandler
                0x08001ed4                CORDIC_IRQHandler
                0x08001ed4                DMA2_Channel8_IRQHandler
                0x08001ed4                EXTI3_IRQHandler
                0x08001ed4                I2C3_ER_IRQHandler
                0x08001ed4                EXTI0_IRQHandler
                0x08001ed4                I2C2_EV_IRQHandler
                0x08001ed4                FPU_IRQHandler
                0x08001ed4                TIM1_UP_TIM16_IRQHandler
                0x08001ed4                ADC1_2_IRQHandler
                0x08001ed4                SPI1_IRQHandler
                0x08001ed4                TIM6_DAC_IRQHandler
                0x08001ed4                TIM8_UP_IRQHandler
                0x08001ed4                DMA2_Channel2_IRQHandler
                0x08001ed4                DMA1_Channel4_IRQHandler
                0x08001ed4                TIM20_TRG_COM_IRQHandler
                0x08001ed4                USART3_IRQHandler
                0x08001ed4                DMA1_Channel7_IRQHandler
                0x08001ed4                UART5_IRQHandler
                0x08001ed4                ADC3_IRQHandler
                0x08001ed4                TIM4_IRQHandler
                0x08001ed4                DMA2_Channel1_IRQHandler
                0x08001ed4                QUADSPI_IRQHandler
                0x08001ed4                I2C1_EV_IRQHandler
                0x08001ed4                DMA1_Channel6_IRQHandler
                0x08001ed4                UART4_IRQHandler
                0x08001ed4                DMA2_Channel4_IRQHandler
                0x08001ed4                TIM3_IRQHandler
                0x08001ed4                RCC_IRQHandler
                0x08001ed4                TIM20_UP_IRQHandler
                0x08001ed4                DMA1_Channel1_IRQHandler
                0x08001ed4                Default_Handler
                0x08001ed4                DMA2_Channel7_IRQHandler
                0x08001ed4                RTC_TAMP_LSECSS_IRQHandler
                0x08001ed4                FMAC_IRQHandler
                0x08001ed4                EXTI15_10_IRQHandler
                0x08001ed4                DMA1_Channel8_IRQHandler
                0x08001ed4                TIM7_DAC_IRQHandler
                0x08001ed4                FDCAN3_IT1_IRQHandler
                0x08001ed4                TIM5_IRQHandler
                0x08001ed4                UCPD1_IRQHandler
                0x08001ed4                I2C3_EV_IRQHandler
                0x08001ed4                EXTI9_5_IRQHandler
                0x08001ed4                RTC_WKUP_IRQHandler
                0x08001ed4                PVD_PVM_IRQHandler
                0x08001ed4                SPI2_IRQHandler
                0x08001ed4                ADC5_IRQHandler
                0x08001ed4                DMA2_Channel5_IRQHandler
                0x08001ed4                CRS_IRQHandler
                0x08001ed4                DMA1_Channel5_IRQHandler
                0x08001ed4                USB_LP_IRQHandler
                0x08001ed4                EXTI4_IRQHandler
                0x08001ed4                RNG_IRQHandler
                0x08001ed4                TIM1_TRG_COM_TIM17_IRQHandler
                0x08001ed4                DMA1_Channel3_IRQHandler
                0x08001ed4                ADC4_IRQHandler
                0x08001ed4                WWDG_IRQHandler
                0x08001ed4                I2C4_EV_IRQHandler
                0x08001ed4                LPUART1_IRQHandler
                0x08001ed4                DMA2_Channel6_IRQHandler
                0x08001ed4                TIM2_IRQHandler
                0x08001ed4                COMP7_IRQHandler
                0x08001ed4                COMP1_2_3_IRQHandler
                0x08001ed4                EXTI1_IRQHandler
                0x08001ed4                USART2_IRQHandler
                0x08001ed4                COMP4_5_6_IRQHandler
                0x08001ed4                TIM20_BRK_IRQHandler
                0x08001ed4                I2C2_ER_IRQHandler
                0x08001ed4                DMA1_Channel2_IRQHandler
                0x08001ed4                TIM8_BRK_IRQHandler
                0x08001ed4                FLASH_IRQHandler
                0x08001ed4                TIM20_CC_IRQHandler
                0x08001ed4                USART1_IRQHandler
                0x08001ed4                SPI3_IRQHandler
                0x08001ed4                I2C1_ER_IRQHandler
                0x08001ed4                FMC_IRQHandler
                0x08001ed4                LPTIM1_IRQHandler
                0x08001ed4                DMAMUX_OVR_IRQHandler
                0x08001ed4                I2C4_ER_IRQHandler
                0x08001ed4                USBWakeUp_IRQHandler
                0x08001ed4                SAI1_IRQHandler
                0x08001ed4                DMA2_Channel3_IRQHandler
                0x08001ed4                TIM1_BRK_TIM15_IRQHandler
 .text.HAL_Init
                0x08001ed6       0x30 ./Drivers/STM32G4xx_HAL_Driver/Src/stm32g4xx_hal.o
                0x08001ed6                HAL_Init
 *fill*         0x08001f06        0x2 
 .text.HAL_InitTick
                0x08001f08       0x74 ./Drivers/STM32G4xx_HAL_Driver/Src/stm32g4xx_hal.o
                0x08001f08                HAL_InitTick
 .text.HAL_IncTick
                0x08001f7c       0x24 ./Drivers/STM32G4xx_HAL_Driver/Src/stm32g4xx_hal.o
                0x08001f7c                HAL_IncTick
 .text.HAL_GetTick
                0x08001fa0       0x18 ./Drivers/STM32G4xx_HAL_Driver/Src/stm32g4xx_hal.o
                0x08001fa0                HAL_GetTick
 .text.LL_ADC_SetCommonClock
                0x08001fb8       0x26 ./Drivers/STM32G4xx_HAL_Driver/Src/stm32g4xx_hal_adc.o
 .text.LL_ADC_SetCommonPathInternalCh
                0x08001fde       0x26 ./Drivers/STM32G4xx_HAL_Driver/Src/stm32g4xx_hal_adc.o
 .text.LL_ADC_GetCommonPathInternalCh
                0x08002004       0x1c ./Drivers/STM32G4xx_HAL_Driver/Src/stm32g4xx_hal_adc.o
 .text.LL_ADC_SetOffset
                0x08002020       0x48 ./Drivers/STM32G4xx_HAL_Driver/Src/stm32g4xx_hal_adc.o
 .text.LL_ADC_GetOffsetChannel
                0x08002068       0x2c ./Drivers/STM32G4xx_HAL_Driver/Src/stm32g4xx_hal_adc.o
 .text.LL_ADC_SetOffsetState
                0x08002094       0x36 ./Drivers/STM32G4xx_HAL_Driver/Src/stm32g4xx_hal_adc.o
 .text.LL_ADC_SetOffsetSign
                0x080020ca       0x36 ./Drivers/STM32G4xx_HAL_Driver/Src/stm32g4xx_hal_adc.o
 .text.LL_ADC_SetOffsetSaturation
                0x08002100       0x36 ./Drivers/STM32G4xx_HAL_Driver/Src/stm32g4xx_hal_adc.o
 .text.LL_ADC_SetSamplingTimeCommonConfig
                0x08002136       0x26 ./Drivers/STM32G4xx_HAL_Driver/Src/stm32g4xx_hal_adc.o
 .text.LL_ADC_REG_IsTriggerSourceSWStart
                0x0800215c       0x26 ./Drivers/STM32G4xx_HAL_Driver/Src/stm32g4xx_hal_adc.o
 .text.LL_ADC_REG_SetSequencerRanks
                0x08002182       0x58 ./Drivers/STM32G4xx_HAL_Driver/Src/stm32g4xx_hal_adc.o
 .text.LL_ADC_SetChannelSamplingTime
                0x080021da       0x56 ./Drivers/STM32G4xx_HAL_Driver/Src/stm32g4xx_hal_adc.o
 .text.LL_ADC_SetChannelSingleDiff
                0x08002230       0x48 ./Drivers/STM32G4xx_HAL_Driver/Src/stm32g4xx_hal_adc.o
 .text.LL_ADC_GetMultimode
                0x08002278       0x1c ./Drivers/STM32G4xx_HAL_Driver/Src/stm32g4xx_hal_adc.o
 .text.LL_ADC_GetMultiDMATransfer
                0x08002294       0x1c ./Drivers/STM32G4xx_HAL_Driver/Src/stm32g4xx_hal_adc.o
 .text.LL_ADC_DisableDeepPowerDown
                0x080022b0       0x24 ./Drivers/STM32G4xx_HAL_Driver/Src/stm32g4xx_hal_adc.o
 .text.LL_ADC_IsDeepPowerDownEnabled
                0x080022d4       0x28 ./Drivers/STM32G4xx_HAL_Driver/Src/stm32g4xx_hal_adc.o
 .text.LL_ADC_EnableInternalRegulator
                0x080022fc       0x28 ./Drivers/STM32G4xx_HAL_Driver/Src/stm32g4xx_hal_adc.o
 .text.LL_ADC_IsInternalRegulatorEnabled
                0x08002324       0x28 ./Drivers/STM32G4xx_HAL_Driver/Src/stm32g4xx_hal_adc.o
 .text.LL_ADC_Enable
                0x0800234c       0x28 ./Drivers/STM32G4xx_HAL_Driver/Src/stm32g4xx_hal_adc.o
 .text.LL_ADC_Disable
                0x08002374       0x28 ./Drivers/STM32G4xx_HAL_Driver/Src/stm32g4xx_hal_adc.o
 .text.LL_ADC_IsEnabled
                0x0800239c       0x26 ./Drivers/STM32G4xx_HAL_Driver/Src/stm32g4xx_hal_adc.o
 .text.LL_ADC_IsDisableOngoing
                0x080023c2       0x26 ./Drivers/STM32G4xx_HAL_Driver/Src/stm32g4xx_hal_adc.o
 .text.LL_ADC_REG_StartConversion
                0x080023e8       0x28 ./Drivers/STM32G4xx_HAL_Driver/Src/stm32g4xx_hal_adc.o
 .text.LL_ADC_REG_StopConversion
                0x08002410       0x28 ./Drivers/STM32G4xx_HAL_Driver/Src/stm32g4xx_hal_adc.o
 .text.LL_ADC_REG_IsConversionOngoing
                0x08002438       0x26 ./Drivers/STM32G4xx_HAL_Driver/Src/stm32g4xx_hal_adc.o
 .text.LL_ADC_INJ_StopConversion
                0x0800245e       0x28 ./Drivers/STM32G4xx_HAL_Driver/Src/stm32g4xx_hal_adc.o
 .text.LL_ADC_INJ_IsConversionOngoing
                0x08002486       0x26 ./Drivers/STM32G4xx_HAL_Driver/Src/stm32g4xx_hal_adc.o
 .text.HAL_ADC_Init
                0x080024ac      0x378 ./Drivers/STM32G4xx_HAL_Driver/Src/stm32g4xx_hal_adc.o
                0x080024ac                HAL_ADC_Init
 .text.HAL_ADC_Start
                0x08002824      0x1c8 ./Drivers/STM32G4xx_HAL_Driver/Src/stm32g4xx_hal_adc.o
                0x08002824                HAL_ADC_Start
 .text.HAL_ADC_Stop
                0x080029ec       0x66 ./Drivers/STM32G4xx_HAL_Driver/Src/stm32g4xx_hal_adc.o
                0x080029ec                HAL_ADC_Stop
 *fill*         0x08002a52        0x2 
 .text.HAL_ADC_PollForConversion
                0x08002a54      0x20c ./Drivers/STM32G4xx_HAL_Driver/Src/stm32g4xx_hal_adc.o
                0x08002a54                HAL_ADC_PollForConversion
 .text.HAL_ADC_GetValue
                0x08002c60       0x1a ./Drivers/STM32G4xx_HAL_Driver/Src/stm32g4xx_hal_adc.o
                0x08002c60                HAL_ADC_GetValue
 *fill*         0x08002c7a        0x2 
 .text.HAL_ADC_ConfigChannel
                0x08002c7c      0x880 ./Drivers/STM32G4xx_HAL_Driver/Src/stm32g4xx_hal_adc.o
                0x08002c7c                HAL_ADC_ConfigChannel
 .text.ADC_ConversionStop
                0x080034fc      0x178 ./Drivers/STM32G4xx_HAL_Driver/Src/stm32g4xx_hal_adc.o
                0x080034fc                ADC_ConversionStop
 .text.ADC_Enable
                0x08003674      0x12c ./Drivers/STM32G4xx_HAL_Driver/Src/stm32g4xx_hal_adc.o
                0x08003674                ADC_Enable
 .text.ADC_Disable
                0x080037a0       0xbe ./Drivers/STM32G4xx_HAL_Driver/Src/stm32g4xx_hal_adc.o
                0x080037a0                ADC_Disable
 *fill*         0x0800385e        0x2 
 .text.__NVIC_SetPriorityGrouping
                0x08003860       0x48 ./Drivers/STM32G4xx_HAL_Driver/Src/stm32g4xx_hal_cortex.o
 .text.__NVIC_GetPriorityGrouping
                0x080038a8       0x1c ./Drivers/STM32G4xx_HAL_Driver/Src/stm32g4xx_hal_cortex.o
 .text.__NVIC_EnableIRQ
                0x080038c4       0x3c ./Drivers/STM32G4xx_HAL_Driver/Src/stm32g4xx_hal_cortex.o
 .text.__NVIC_SetPriority
                0x08003900       0x54 ./Drivers/STM32G4xx_HAL_Driver/Src/stm32g4xx_hal_cortex.o
 .text.NVIC_EncodePriority
                0x08003954       0x66 ./Drivers/STM32G4xx_HAL_Driver/Src/stm32g4xx_hal_cortex.o
 *fill*         0x080039ba        0x2 
 .text.SysTick_Config
                0x080039bc       0x44 ./Drivers/STM32G4xx_HAL_Driver/Src/stm32g4xx_hal_cortex.o
 .text.HAL_NVIC_SetPriorityGrouping
                0x08003a00       0x16 ./Drivers/STM32G4xx_HAL_Driver/Src/stm32g4xx_hal_cortex.o
                0x08003a00                HAL_NVIC_SetPriorityGrouping
 .text.HAL_NVIC_SetPriority
                0x08003a16       0x34 ./Drivers/STM32G4xx_HAL_Driver/Src/stm32g4xx_hal_cortex.o
                0x08003a16                HAL_NVIC_SetPriority
 .text.HAL_NVIC_EnableIRQ
                0x08003a4a       0x1c ./Drivers/STM32G4xx_HAL_Driver/Src/stm32g4xx_hal_cortex.o
                0x08003a4a                HAL_NVIC_EnableIRQ
 .text.HAL_SYSTICK_Config
                0x08003a66       0x18 ./Drivers/STM32G4xx_HAL_Driver/Src/stm32g4xx_hal_cortex.o
                0x08003a66                HAL_SYSTICK_Config
 *fill*         0x08003a7e        0x2 
 .text.HAL_FDCAN_Init
                0x08003a80      0x2b4 ./Drivers/STM32G4xx_HAL_Driver/Src/stm32g4xx_hal_fdcan.o
                0x08003a80                HAL_FDCAN_Init
 .text.HAL_FDCAN_ConfigFilter
                0x08003d34       0xb4 ./Drivers/STM32G4xx_HAL_Driver/Src/stm32g4xx_hal_fdcan.o
                0x08003d34                HAL_FDCAN_ConfigFilter
 .text.HAL_FDCAN_ConfigGlobalFilter
                0x08003de8       0x62 ./Drivers/STM32G4xx_HAL_Driver/Src/stm32g4xx_hal_fdcan.o
                0x08003de8                HAL_FDCAN_ConfigGlobalFilter
 .text.HAL_FDCAN_Start
                0x08003e4a       0x50 ./Drivers/STM32G4xx_HAL_Driver/Src/stm32g4xx_hal_fdcan.o
                0x08003e4a                HAL_FDCAN_Start
 .text.HAL_FDCAN_AddMessageToTxFifoQ
                0x08003e9a       0x88 ./Drivers/STM32G4xx_HAL_Driver/Src/stm32g4xx_hal_fdcan.o
                0x08003e9a                HAL_FDCAN_AddMessageToTxFifoQ
 *fill*         0x08003f22        0x2 
 .text.HAL_FDCAN_GetRxMessage
                0x08003f24      0x210 ./Drivers/STM32G4xx_HAL_Driver/Src/stm32g4xx_hal_fdcan.o
                0x08003f24                HAL_FDCAN_GetRxMessage
 .text.HAL_FDCAN_ActivateNotification
                0x08004134      0x1cc ./Drivers/STM32G4xx_HAL_Driver/Src/stm32g4xx_hal_fdcan.o
                0x08004134                HAL_FDCAN_ActivateNotification
 .text.HAL_FDCAN_IRQHandler
                0x08004300      0x266 ./Drivers/STM32G4xx_HAL_Driver/Src/stm32g4xx_hal_fdcan.o
                0x08004300                HAL_FDCAN_IRQHandler
 .text.HAL_FDCAN_TxEventFifoCallback
                0x08004566       0x16 ./Drivers/STM32G4xx_HAL_Driver/Src/stm32g4xx_hal_fdcan.o
                0x08004566                HAL_FDCAN_TxEventFifoCallback
 .text.HAL_FDCAN_RxFifo1Callback
                0x0800457c       0x16 ./Drivers/STM32G4xx_HAL_Driver/Src/stm32g4xx_hal_fdcan.o
                0x0800457c                HAL_FDCAN_RxFifo1Callback
 .text.HAL_FDCAN_TxFifoEmptyCallback
                0x08004592       0x14 ./Drivers/STM32G4xx_HAL_Driver/Src/stm32g4xx_hal_fdcan.o
                0x08004592                HAL_FDCAN_TxFifoEmptyCallback
 .text.HAL_FDCAN_TxBufferCompleteCallback
                0x080045a6       0x16 ./Drivers/STM32G4xx_HAL_Driver/Src/stm32g4xx_hal_fdcan.o
                0x080045a6                HAL_FDCAN_TxBufferCompleteCallback
 .text.HAL_FDCAN_TxBufferAbortCallback
                0x080045bc       0x16 ./Drivers/STM32G4xx_HAL_Driver/Src/stm32g4xx_hal_fdcan.o
                0x080045bc                HAL_FDCAN_TxBufferAbortCallback
 .text.HAL_FDCAN_TimestampWraparoundCallback
                0x080045d2       0x14 ./Drivers/STM32G4xx_HAL_Driver/Src/stm32g4xx_hal_fdcan.o
                0x080045d2                HAL_FDCAN_TimestampWraparoundCallback
 .text.HAL_FDCAN_TimeoutOccurredCallback
                0x080045e6       0x14 ./Drivers/STM32G4xx_HAL_Driver/Src/stm32g4xx_hal_fdcan.o
                0x080045e6                HAL_FDCAN_TimeoutOccurredCallback
 .text.HAL_FDCAN_HighPriorityMessageCallback
                0x080045fa       0x14 ./Drivers/STM32G4xx_HAL_Driver/Src/stm32g4xx_hal_fdcan.o
                0x080045fa                HAL_FDCAN_HighPriorityMessageCallback
 .text.HAL_FDCAN_ErrorCallback
                0x0800460e       0x14 ./Drivers/STM32G4xx_HAL_Driver/Src/stm32g4xx_hal_fdcan.o
                0x0800460e                HAL_FDCAN_ErrorCallback
 .text.HAL_FDCAN_ErrorStatusCallback
                0x08004622       0x16 ./Drivers/STM32G4xx_HAL_Driver/Src/stm32g4xx_hal_fdcan.o
                0x08004622                HAL_FDCAN_ErrorStatusCallback
 .text.FDCAN_CalcultateRamBlockAddresses
                0x08004638       0xd8 ./Drivers/STM32G4xx_HAL_Driver/Src/stm32g4xx_hal_fdcan.o
 .text.FDCAN_CopyMessageToRAM
                0x08004710       0xf8 ./Drivers/STM32G4xx_HAL_Driver/Src/stm32g4xx_hal_fdcan.o
 .text.HAL_GPIO_Init
                0x08004808      0x318 ./Drivers/STM32G4xx_HAL_Driver/Src/stm32g4xx_hal_gpio.o
                0x08004808                HAL_GPIO_Init
 .text.HAL_GPIO_ReadPin
                0x08004b20       0x30 ./Drivers/STM32G4xx_HAL_Driver/Src/stm32g4xx_hal_gpio.o
                0x08004b20                HAL_GPIO_ReadPin
 .text.HAL_GPIO_WritePin
                0x08004b50       0x30 ./Drivers/STM32G4xx_HAL_Driver/Src/stm32g4xx_hal_gpio.o
                0x08004b50                HAL_GPIO_WritePin
 .text.HAL_I2C_Init
                0x08004b80      0x136 ./Drivers/STM32G4xx_HAL_Driver/Src/stm32g4xx_hal_i2c.o
                0x08004b80                HAL_I2C_Init
 *fill*         0x08004cb6        0x2 
 .text.HAL_I2C_Mem_Read
                0x08004cb8      0x234 ./Drivers/STM32G4xx_HAL_Driver/Src/stm32g4xx_hal_i2c.o
                0x08004cb8                HAL_I2C_Mem_Read
 .text.I2C_RequestMemoryRead
                0x08004eec       0xa8 ./Drivers/STM32G4xx_HAL_Driver/Src/stm32g4xx_hal_i2c.o
 .text.I2C_Flush_TXDR
                0x08004f94       0x48 ./Drivers/STM32G4xx_HAL_Driver/Src/stm32g4xx_hal_i2c.o
 .text.I2C_WaitOnFlagUntilTimeout
                0x08004fdc       0xb2 ./Drivers/STM32G4xx_HAL_Driver/Src/stm32g4xx_hal_i2c.o
 .text.I2C_WaitOnTXISFlagUntilTimeout
                0x0800508e       0x8e ./Drivers/STM32G4xx_HAL_Driver/Src/stm32g4xx_hal_i2c.o
 .text.I2C_WaitOnSTOPFlagUntilTimeout
                0x0800511c       0x86 ./Drivers/STM32G4xx_HAL_Driver/Src/stm32g4xx_hal_i2c.o
 *fill*         0x080051a2        0x2 
 .text.I2C_IsErrorOccurred
                0x080051a4      0x1c0 ./Drivers/STM32G4xx_HAL_Driver/Src/stm32g4xx_hal_i2c.o
 .text.I2C_TransferConfig
                0x08005364       0x64 ./Drivers/STM32G4xx_HAL_Driver/Src/stm32g4xx_hal_i2c.o
 .text.HAL_I2CEx_ConfigAnalogFilter
                0x080053c8       0x96 ./Drivers/STM32G4xx_HAL_Driver/Src/stm32g4xx_hal_i2c_ex.o
                0x080053c8                HAL_I2CEx_ConfigAnalogFilter
 .text.HAL_I2CEx_ConfigDigitalFilter
                0x0800545e       0x98 ./Drivers/STM32G4xx_HAL_Driver/Src/stm32g4xx_hal_i2c_ex.o
                0x0800545e                HAL_I2CEx_ConfigDigitalFilter
 *fill*         0x080054f6        0x2 
 .text.HAL_LPTIM_Init
                0x080054f8      0x138 ./Drivers/STM32G4xx_HAL_Driver/Src/stm32g4xx_hal_lptim.o
                0x080054f8                HAL_LPTIM_Init
 .text.HAL_PWREx_ControlVoltageScaling
                0x08005630      0x148 ./Drivers/STM32G4xx_HAL_Driver/Src/stm32g4xx_hal_pwr_ex.o
                0x08005630                HAL_PWREx_ControlVoltageScaling
 .text.HAL_PWREx_DisableUCPDDeadBattery
                0x08005778       0x20 ./Drivers/STM32G4xx_HAL_Driver/Src/stm32g4xx_hal_pwr_ex.o
                0x08005778                HAL_PWREx_DisableUCPDDeadBattery
 .text.HAL_RCC_OscConfig
                0x08005798      0x624 ./Drivers/STM32G4xx_HAL_Driver/Src/stm32g4xx_hal_rcc.o
                0x08005798                HAL_RCC_OscConfig
 .text.HAL_RCC_ClockConfig
                0x08005dbc      0x278 ./Drivers/STM32G4xx_HAL_Driver/Src/stm32g4xx_hal_rcc.o
                0x08005dbc                HAL_RCC_ClockConfig
 .text.HAL_RCC_GetSysClockFreq
                0x08006034       0xc4 ./Drivers/STM32G4xx_HAL_Driver/Src/stm32g4xx_hal_rcc.o
                0x08006034                HAL_RCC_GetSysClockFreq
 .text.RCC_GetSysClockFreqFromPLLSource
                0x080060f8       0x8c ./Drivers/STM32G4xx_HAL_Driver/Src/stm32g4xx_hal_rcc.o
 .text.HAL_RCCEx_PeriphCLKConfig
                0x08006184      0x49c ./Drivers/STM32G4xx_HAL_Driver/Src/stm32g4xx_hal_rcc_ex.o
                0x08006184                HAL_RCCEx_PeriphCLKConfig
 .text.memset   0x08006620       0x10 C:/ST/STM32CubeIDE_1.19.0/STM32CubeIDE/plugins/com.st.stm32cube.ide.mcu.externaltools.gnu-tools-for-stm32.13.3.rel1.win32_1.0.0.202411081344/tools/bin/../lib/gcc/arm-none-eabi/13.3.1/../../../../arm-none-eabi/lib/thumb/v7e-m+fp/hard\libc_nano.a(libc_a-memset.o)
                0x08006620                memset
 .text.__libc_init_array
                0x08006630       0x48 C:/ST/STM32CubeIDE_1.19.0/STM32CubeIDE/plugins/com.st.stm32cube.ide.mcu.externaltools.gnu-tools-for-stm32.13.3.rel1.win32_1.0.0.202411081344/tools/bin/../lib/gcc/arm-none-eabi/13.3.1/../../../../arm-none-eabi/lib/thumb/v7e-m+fp/hard\libc_nano.a(libc_a-init.o)
                0x08006630                __libc_init_array
 *(.glue_7)
 .glue_7        0x08006678        0x0 linker stubs
 *(.glue_7t)
 .glue_7t       0x08006678        0x0 linker stubs
 *(.eh_frame)
 .eh_frame      0x08006678        0x0 C:/ST/STM32CubeIDE_1.19.0/STM32CubeIDE/plugins/com.st.stm32cube.ide.mcu.externaltools.gnu-tools-for-stm32.13.3.rel1.win32_1.0.0.202411081344/tools/bin/../lib/gcc/arm-none-eabi/13.3.1/thumb/v7e-m+fp/hard/crtbegin.o
 *(.init)
 .init          0x08006678        0x4 C:/ST/STM32CubeIDE_1.19.0/STM32CubeIDE/plugins/com.st.stm32cube.ide.mcu.externaltools.gnu-tools-for-stm32.13.3.rel1.win32_1.0.0.202411081344/tools/bin/../lib/gcc/arm-none-eabi/13.3.1/thumb/v7e-m+fp/hard/crti.o
                0x08006678                _init
 .init          0x0800667c        0x8 C:/ST/STM32CubeIDE_1.19.0/STM32CubeIDE/plugins/com.st.stm32cube.ide.mcu.externaltools.gnu-tools-for-stm32.13.3.rel1.win32_1.0.0.202411081344/tools/bin/../lib/gcc/arm-none-eabi/13.3.1/thumb/v7e-m+fp/hard/crtn.o
 *(.fini)
 .fini          0x08006684        0x4 C:/ST/STM32CubeIDE_1.19.0/STM32CubeIDE/plugins/com.st.stm32cube.ide.mcu.externaltools.gnu-tools-for-stm32.13.3.rel1.win32_1.0.0.202411081344/tools/bin/../lib/gcc/arm-none-eabi/13.3.1/thumb/v7e-m+fp/hard/crti.o
                0x08006684                _fini
 .fini          0x08006688        0x8 C:/ST/STM32CubeIDE_1.19.0/STM32CubeIDE/plugins/com.st.stm32cube.ide.mcu.externaltools.gnu-tools-for-stm32.13.3.rel1.win32_1.0.0.202411081344/tools/bin/../lib/gcc/arm-none-eabi/13.3.1/thumb/v7e-m+fp/hard/crtn.o
                0x08006690                        . = ALIGN (0x4)
                0x08006690                        _etext = .

.vfp11_veneer   0x08006690        0x0
 .vfp11_veneer  0x08006690        0x0 linker stubs

.v4_bx          0x08006690        0x0
 .v4_bx         0x08006690        0x0 linker stubs

.iplt           0x08006690        0x0
 .iplt          0x08006690        0x0 C:/ST/STM32CubeIDE_1.19.0/STM32CubeIDE/plugins/com.st.stm32cube.ide.mcu.externaltools.gnu-tools-for-stm32.13.3.rel1.win32_1.0.0.202411081344/tools/bin/../lib/gcc/arm-none-eabi/13.3.1/thumb/v7e-m+fp/hard/crtbegin.o

.rodata         0x08006690       0x20
                0x08006690                        . = ALIGN (0x4)
 *(.rodata)
 *(.rodata*)
 .rodata.AHBPrescTable
                0x08006690       0x10 ./Core/Src/system_stm32g4xx.o
                0x08006690                AHBPrescTable
 .rodata.DLCtoBytes
                0x080066a0       0x10 ./Drivers/STM32G4xx_HAL_Driver/Src/stm32g4xx_hal_fdcan.o
                0x080066b0                        . = ALIGN (0x4)

.ARM.extab      0x080066b0        0x0
                0x080066b0                        . = ALIGN (0x4)
 *(.ARM.extab* .gnu.linkonce.armextab.*)
                0x080066b0                        . = ALIGN (0x4)

.ARM            0x080066b0        0x0
                0x080066b0                        . = ALIGN (0x4)
                0x080066b0                        __exidx_start = .
 *(.ARM.exidx*)
                0x080066b0                        __exidx_end = .
                0x080066b0                        . = ALIGN (0x4)

.preinit_array  0x080066b0        0x0
                0x080066b0                        . = ALIGN (0x4)
                0x080066b0                        PROVIDE (__preinit_array_start = .)
 *(.preinit_array*)
                0x080066b0                        PROVIDE (__preinit_array_end = .)
                0x080066b0                        . = ALIGN (0x4)

.init_array     0x080066b0        0x4
                0x080066b0                        . = ALIGN (0x4)
                0x080066b0                        PROVIDE (__init_array_start = .)
 *(SORT_BY_NAME(.init_array.*))
 *(.init_array*)
 .init_array    0x080066b0        0x4 C:/ST/STM32CubeIDE_1.19.0/STM32CubeIDE/plugins/com.st.stm32cube.ide.mcu.externaltools.gnu-tools-for-stm32.13.3.rel1.win32_1.0.0.202411081344/tools/bin/../lib/gcc/arm-none-eabi/13.3.1/thumb/v7e-m+fp/hard/crtbegin.o
                0x080066b4                        PROVIDE (__init_array_end = .)
                0x080066b4                        . = ALIGN (0x4)

.fini_array     0x080066b4        0x4
                0x080066b4                        . = ALIGN (0x4)
                [!provide]                        PROVIDE (__fini_array_start = .)
 *(SORT_BY_NAME(.fini_array.*))
 *(.fini_array*)
 .fini_array    0x080066b4        0x4 C:/ST/STM32CubeIDE_1.19.0/STM32CubeIDE/plugins/com.st.stm32cube.ide.mcu.externaltools.gnu-tools-for-stm32.13.3.rel1.win32_1.0.0.202411081344/tools/bin/../lib/gcc/arm-none-eabi/13.3.1/thumb/v7e-m+fp/hard/crtbegin.o
                [!provide]                        PROVIDE (__fini_array_end = .)
                0x080066b8                        . = ALIGN (0x4)
                0x080066b8                        _sidata = LOADADDR (.data)

.rel.dyn        0x080066b8        0x0
 .rel.iplt      0x080066b8        0x0 C:/ST/STM32CubeIDE_1.19.0/STM32CubeIDE/plugins/com.st.stm32cube.ide.mcu.externaltools.gnu-tools-for-stm32.13.3.rel1.win32_1.0.0.202411081344/tools/bin/../lib/gcc/arm-none-eabi/13.3.1/thumb/v7e-m+fp/hard/crtbegin.o

.data           0x20000000       0x28 load address 0x080066b8
                0x20000000                        . = ALIGN (0x4)
                0x20000000                        _sdata = .
 *(.data)
 *(.data*)
 .data.ch1_offset_adc
                0x20000000        0x2 ./Core/Src/adc.o
 .data.ch2_offset_adc
                0x20000002        0x2 ./Core/Src/adc.o
 .data.tempLimits
                0x20000004       0x18 ./Core/Src/cell.o
                0x20000004                tempLimits
 .data.SystemCoreClock
                0x2000001c        0x4 ./Core/Src/system_stm32g4xx.o
                0x2000001c                SystemCoreClock
 .data.uwTickPrio
                0x20000020        0x4 ./Drivers/STM32G4xx_HAL_Driver/Src/stm32g4xx_hal.o
                0x20000020                uwTickPrio
 .data.uwTickFreq
                0x20000024        0x4 ./Drivers/STM32G4xx_HAL_Driver/Src/stm32g4xx_hal.o
                0x20000024                uwTickFreq
 *(.RamFunc)
 *(.RamFunc*)
                0x20000028                        . = ALIGN (0x4)
                0x20000028                        _edata = .

.igot.plt       0x20000028        0x0 load address 0x080066e0
 .igot.plt      0x20000028        0x0 C:/ST/STM32CubeIDE_1.19.0/STM32CubeIDE/plugins/com.st.stm32cube.ide.mcu.externaltools.gnu-tools-for-stm32.13.3.rel1.win32_1.0.0.202411081344/tools/bin/../lib/gcc/arm-none-eabi/13.3.1/thumb/v7e-m+fp/hard/crtbegin.o
                0x20000028                        . = ALIGN (0x4)

.bss            0x20000028      0x484 load address 0x080066e0
                0x20000028                        _sbss = .
                0x20000028                        __bss_start__ = _sbss
 *(.bss)
 .bss           0x20000028       0x1c C:/ST/STM32CubeIDE_1.19.0/STM32CubeIDE/plugins/com.st.stm32cube.ide.mcu.externaltools.gnu-tools-for-stm32.13.3.rel1.win32_1.0.0.202411081344/tools/bin/../lib/gcc/arm-none-eabi/13.3.1/thumb/v7e-m+fp/hard/crtbegin.o
 *(.bss*)
 .bss.hadc2     0x20000044       0x6c ./Core/Src/adc.o
                0x20000044                hadc2
 .bss.hfdcan1   0x200000b0       0x64 ./Core/Src/fdcan.o
                0x200000b0                hfdcan1
 .bss.hfdcan2   0x20000114       0x64 ./Core/Src/fdcan.o
                0x20000114                hfdcan2
 .bss.HAL_RCC_FDCAN_CLK_ENABLED
                0x20000178        0x4 ./Core/Src/fdcan.o
 .bss.hi2c3     0x2000017c       0x54 ./Core/Src/i2c.o
                0x2000017c                hi2c3
 .bss.hlptim1   0x200001d0       0x38 ./Core/Src/lptim.o
                0x200001d0                hlptim1
 .bss.tasks     0x20000208       0xa0 ./Core/Src/scheduler.o
 .bss.taskCount
                0x200002a8        0x1 ./Core/Src/scheduler.o
 *fill*         0x200002a9        0x3 
 .bss.values    0x200002ac       0x20 ./Core/Src/system_monitor.o
                0x200002ac                values
 .bss.temperatureValues
                0x200002cc       0xe4 ./Core/Src/system_monitor.o
 .bss.voltageValues
                0x200003b0       0xd4 ./Core/Src/system_monitor.o
 .bss.currentState
                0x20000484        0x1 ./Core/Src/system_monitor.o
 *fill*         0x20000485        0x3 
 .bss.batteryTopology
                0x20000488       0x20 ./Core/Src/system_monitor.o
 .bss.uwTick    0x200004a8        0x4 ./Drivers/STM32G4xx_HAL_Driver/Src/stm32g4xx_hal.o
                0x200004a8                uwTick
 *(COMMON)
                0x200004ac                        . = ALIGN (0x4)
                0x200004ac                        _ebss = .
                0x200004ac                        __bss_end__ = _ebss

._user_heap_stack
                0x200004ac      0x604 load address 0x080066e0
                0x200004b0                        . = ALIGN (0x8)
 *fill*         0x200004ac        0x4 
                [!provide]                        PROVIDE (end = .)
                0x200004b0                        PROVIDE (_end = .)
                0x200006b0                        . = (. + _Min_Heap_Size)
 *fill*         0x200004b0      0x200 
                0x20000ab0                        . = (. + _Min_Stack_Size)
 *fill*         0x200006b0      0x400 
                0x20000ab0                        . = ALIGN (0x8)

/DISCARD/
 libc.a(*)
 libm.a(*)
 libgcc.a(*)

.ARM.attributes
                0x00000000       0x30
 *(.ARM.attributes)
 .ARM.attributes
                0x00000000       0x22 C:/ST/STM32CubeIDE_1.19.0/STM32CubeIDE/plugins/com.st.stm32cube.ide.mcu.externaltools.gnu-tools-for-stm32.13.3.rel1.win32_1.0.0.202411081344/tools/bin/../lib/gcc/arm-none-eabi/13.3.1/thumb/v7e-m+fp/hard/crti.o
 .ARM.attributes
                0x00000022       0x34 C:/ST/STM32CubeIDE_1.19.0/STM32CubeIDE/plugins/com.st.stm32cube.ide.mcu.externaltools.gnu-tools-for-stm32.13.3.rel1.win32_1.0.0.202411081344/tools/bin/../lib/gcc/arm-none-eabi/13.3.1/thumb/v7e-m+fp/hard/crtbegin.o
 .ARM.attributes
                0x00000056       0x34 ./Core/Src/adc.o
 .ARM.attributes
                0x0000008a       0x34 ./Core/Src/cell.o
 .ARM.attributes
                0x000000be       0x34 ./Core/Src/diagnostics.o
 .ARM.attributes
                0x000000f2       0x34 ./Core/Src/fdcan.o
 .ARM.attributes
                0x00000126       0x34 ./Core/Src/gpio.o
 .ARM.attributes
                0x0000015a       0x34 ./Core/Src/i2c.o
 .ARM.attributes
                0x0000018e       0x34 ./Core/Src/lptim.o
 .ARM.attributes
                0x000001c2       0x34 ./Core/Src/main.o
 .ARM.attributes
                0x000001f6       0x34 ./Core/Src/scheduler.o
 .ARM.attributes
                0x0000022a       0x34 ./Core/Src/soc.o
 .ARM.attributes
                0x0000025e       0x34 ./Core/Src/stm32g4xx_hal_msp.o
 .ARM.attributes
                0x00000292       0x34 ./Core/Src/stm32g4xx_it.o
 .ARM.attributes
                0x000002c6       0x34 ./Core/Src/system_monitor.o
 .ARM.attributes
                0x000002fa       0x34 ./Core/Src/system_stm32g4xx.o
 .ARM.attributes
                0x0000032e       0x21 ./Core/Startup/startup_stm32g473retx.o
 .ARM.attributes
                0x0000034f       0x34 ./Drivers/STM32G4xx_HAL_Driver/Src/stm32g4xx_hal.o
 .ARM.attributes
                0x00000383       0x34 ./Drivers/STM32G4xx_HAL_Driver/Src/stm32g4xx_hal_adc.o
 .ARM.attributes
                0x000003b7       0x34 ./Drivers/STM32G4xx_HAL_Driver/Src/stm32g4xx_hal_cortex.o
 .ARM.attributes
                0x000003eb       0x34 ./Drivers/STM32G4xx_HAL_Driver/Src/stm32g4xx_hal_fdcan.o
 .ARM.attributes
                0x0000041f       0x34 ./Drivers/STM32G4xx_HAL_Driver/Src/stm32g4xx_hal_gpio.o
 .ARM.attributes
                0x00000453       0x34 ./Drivers/STM32G4xx_HAL_Driver/Src/stm32g4xx_hal_i2c.o
 .ARM.attributes
                0x00000487       0x34 ./Drivers/STM32G4xx_HAL_Driver/Src/stm32g4xx_hal_i2c_ex.o
 .ARM.attributes
                0x000004bb       0x34 ./Drivers/STM32G4xx_HAL_Driver/Src/stm32g4xx_hal_lptim.o
 .ARM.attributes
                0x000004ef       0x34 ./Drivers/STM32G4xx_HAL_Driver/Src/stm32g4xx_hal_pwr_ex.o
 .ARM.attributes
                0x00000523       0x34 ./Drivers/STM32G4xx_HAL_Driver/Src/stm32g4xx_hal_rcc.o
 .ARM.attributes
                0x00000557       0x34 ./Drivers/STM32G4xx_HAL_Driver/Src/stm32g4xx_hal_rcc_ex.o
 .ARM.attributes
                0x0000058b       0x34 C:/ST/STM32CubeIDE_1.19.0/STM32CubeIDE/plugins/com.st.stm32cube.ide.mcu.externaltools.gnu-tools-for-stm32.13.3.rel1.win32_1.0.0.202411081344/tools/bin/../lib/gcc/arm-none-eabi/13.3.1/../../../../arm-none-eabi/lib/thumb/v7e-m+fp/hard\libc_nano.a(libc_a-memset.o)
 .ARM.attributes
                0x000005bf       0x34 C:/ST/STM32CubeIDE_1.19.0/STM32CubeIDE/plugins/com.st.stm32cube.ide.mcu.externaltools.gnu-tools-for-stm32.13.3.rel1.win32_1.0.0.202411081344/tools/bin/../lib/gcc/arm-none-eabi/13.3.1/../../../../arm-none-eabi/lib/thumb/v7e-m+fp/hard\libc_nano.a(libc_a-init.o)
 .ARM.attributes
                0x000005f3       0x22 C:/ST/STM32CubeIDE_1.19.0/STM32CubeIDE/plugins/com.st.stm32cube.ide.mcu.externaltools.gnu-tools-for-stm32.13.3.rel1.win32_1.0.0.202411081344/tools/bin/../lib/gcc/arm-none-eabi/13.3.1/thumb/v7e-m+fp/hard\libgcc.a(_arm_addsubdf3.o)
 .ARM.attributes
                0x00000615       0x22 C:/ST/STM32CubeIDE_1.19.0/STM32CubeIDE/plugins/com.st.stm32cube.ide.mcu.externaltools.gnu-tools-for-stm32.13.3.rel1.win32_1.0.0.202411081344/tools/bin/../lib/gcc/arm-none-eabi/13.3.1/thumb/v7e-m+fp/hard\libgcc.a(_arm_muldivdf3.o)
 .ARM.attributes
                0x00000637       0x22 C:/ST/STM32CubeIDE_1.19.0/STM32CubeIDE/plugins/com.st.stm32cube.ide.mcu.externaltools.gnu-tools-for-stm32.13.3.rel1.win32_1.0.0.202411081344/tools/bin/../lib/gcc/arm-none-eabi/13.3.1/thumb/v7e-m+fp/hard\libgcc.a(_arm_fixdfsi.o)
 .ARM.attributes
                0x00000659       0x22 C:/ST/STM32CubeIDE_1.19.0/STM32CubeIDE/plugins/com.st.stm32cube.ide.mcu.externaltools.gnu-tools-for-stm32.13.3.rel1.win32_1.0.0.202411081344/tools/bin/../lib/gcc/arm-none-eabi/13.3.1/thumb/v7e-m+fp/hard/crtn.o
OUTPUT(UGR26_AMS.elf elf32-littlearm)
LOAD linker stubs
LOAD C:/ST/STM32CubeIDE_1.19.0/STM32CubeIDE/plugins/com.st.stm32cube.ide.mcu.externaltools.gnu-tools-for-stm32.13.3.rel1.win32_1.0.0.202411081344/tools/bin/../lib/gcc/arm-none-eabi/13.3.1/../../../../arm-none-eabi/lib/thumb/v7e-m+fp/hard\libc.a
LOAD C:/ST/STM32CubeIDE_1.19.0/STM32CubeIDE/plugins/com.st.stm32cube.ide.mcu.externaltools.gnu-tools-for-stm32.13.3.rel1.win32_1.0.0.202411081344/tools/bin/../lib/gcc/arm-none-eabi/13.3.1/../../../../arm-none-eabi/lib/thumb/v7e-m+fp/hard\libm.a
LOAD C:/ST/STM32CubeIDE_1.19.0/STM32CubeIDE/plugins/com.st.stm32cube.ide.mcu.externaltools.gnu-tools-for-stm32.13.3.rel1.win32_1.0.0.202411081344/tools/bin/../lib/gcc/arm-none-eabi/13.3.1/thumb/v7e-m+fp/hard\libgcc.a

.debug_info     0x00000000    0x11bfc
 .debug_info    0x00000000     0x10e4 ./Core/Src/adc.o
 .debug_info    0x000010e4      0x1e4 ./Core/Src/cell.o
 .debug_info    0x000012c8       0xd6 ./Core/Src/diagnostics.o
 .debug_info    0x0000139e     0x1323 ./Core/Src/fdcan.o
 .debug_info    0x000026c1      0x6e9 ./Core/Src/gpio.o
 .debug_info    0x00002daa      0xe61 ./Core/Src/i2c.o
 .debug_info    0x00003c0b      0x70f ./Core/Src/lptim.o
 .debug_info    0x0000431a      0x46c ./Core/Src/main.o
 .debug_info    0x00004786      0x1cf ./Core/Src/scheduler.o
 .debug_info    0x00004955      0x2a4 ./Core/Src/soc.o
 .debug_info    0x00004bf9      0x2da ./Core/Src/stm32g4xx_hal_msp.o
 .debug_info    0x00004ed3      0x657 ./Core/Src/stm32g4xx_it.o
 .debug_info    0x0000552a      0xa16 ./Core/Src/system_monitor.o
 .debug_info    0x00005f40      0x58e ./Core/Src/system_stm32g4xx.o
 .debug_info    0x000064ce       0x30 ./Core/Startup/startup_stm32g473retx.o
 .debug_info    0x000064fe      0xb65 ./Drivers/STM32G4xx_HAL_Driver/Src/stm32g4xx_hal.o
 .debug_info    0x00007063     0x2063 ./Drivers/STM32G4xx_HAL_Driver/Src/stm32g4xx_hal_adc.o
 .debug_info    0x000090c6      0xdc9 ./Drivers/STM32G4xx_HAL_Driver/Src/stm32g4xx_hal_cortex.o
 .debug_info    0x00009e8f     0x18b4 ./Drivers/STM32G4xx_HAL_Driver/Src/stm32g4xx_hal_fdcan.o
 .debug_info    0x0000b743      0x772 ./Drivers/STM32G4xx_HAL_Driver/Src/stm32g4xx_hal_gpio.o
 .debug_info    0x0000beb5     0x21ea ./Drivers/STM32G4xx_HAL_Driver/Src/stm32g4xx_hal_i2c.o
 .debug_info    0x0000e09f      0xad6 ./Drivers/STM32G4xx_HAL_Driver/Src/stm32g4xx_hal_i2c_ex.o
 .debug_info    0x0000eb75      0xeed ./Drivers/STM32G4xx_HAL_Driver/Src/stm32g4xx_hal_lptim.o
 .debug_info    0x0000fa62      0x944 ./Drivers/STM32G4xx_HAL_Driver/Src/stm32g4xx_hal_pwr_ex.o
 .debug_info    0x000103a6      0xbf9 ./Drivers/STM32G4xx_HAL_Driver/Src/stm32g4xx_hal_rcc.o
 .debug_info    0x00010f9f      0xc5d ./Drivers/STM32G4xx_HAL_Driver/Src/stm32g4xx_hal_rcc_ex.o

.debug_abbrev   0x00000000     0x2f5f
 .debug_abbrev  0x00000000      0x273 ./Core/Src/adc.o
 .debug_abbrev  0x00000273       0xb9 ./Core/Src/cell.o
 .debug_abbrev  0x0000032c       0x82 ./Core/Src/diagnostics.o
 .debug_abbrev  0x000003ae      0x290 ./Core/Src/fdcan.o
 .debug_abbrev  0x0000063e      0x201 ./Core/Src/gpio.o
 .debug_abbrev  0x0000083f      0x268 ./Core/Src/i2c.o
 .debug_abbrev  0x00000aa7      0x1ab ./Core/Src/lptim.o
 .debug_abbrev  0x00000c52      0x194 ./Core/Src/main.o
 .debug_abbrev  0x00000de6      0x10a ./Core/Src/scheduler.o
 .debug_abbrev  0x00000ef0       0xee ./Core/Src/soc.o
 .debug_abbrev  0x00000fde       0xd9 ./Core/Src/stm32g4xx_hal_msp.o
 .debug_abbrev  0x000010b7      0x16e ./Core/Src/stm32g4xx_it.o
 .debug_abbrev  0x00001225      0x1f5 ./Core/Src/system_monitor.o
 .debug_abbrev  0x0000141a      0x11a ./Core/Src/system_stm32g4xx.o
 .debug_abbrev  0x00001534       0x24 ./Core/Startup/startup_stm32g473retx.o
 .debug_abbrev  0x00001558      0x271 ./Drivers/STM32G4xx_HAL_Driver/Src/stm32g4xx_hal.o
 .debug_abbrev  0x000017c9      0x2d3 ./Drivers/STM32G4xx_HAL_Driver/Src/stm32g4xx_hal_adc.o
 .debug_abbrev  0x00001a9c      0x31c ./Drivers/STM32G4xx_HAL_Driver/Src/stm32g4xx_hal_cortex.o
 .debug_abbrev  0x00001db8      0x1f8 ./Drivers/STM32G4xx_HAL_Driver/Src/stm32g4xx_hal_fdcan.o
 .debug_abbrev  0x00001fb0      0x1d2 ./Drivers/STM32G4xx_HAL_Driver/Src/stm32g4xx_hal_gpio.o
 .debug_abbrev  0x00002182      0x25e ./Drivers/STM32G4xx_HAL_Driver/Src/stm32g4xx_hal_i2c.o
 .debug_abbrev  0x000023e0      0x1c0 ./Drivers/STM32G4xx_HAL_Driver/Src/stm32g4xx_hal_i2c_ex.o
 .debug_abbrev  0x000025a0      0x269 ./Drivers/STM32G4xx_HAL_Driver/Src/stm32g4xx_hal_lptim.o
 .debug_abbrev  0x00002809      0x22c ./Drivers/STM32G4xx_HAL_Driver/Src/stm32g4xx_hal_pwr_ex.o
 .debug_abbrev  0x00002a35      0x2c9 ./Drivers/STM32G4xx_HAL_Driver/Src/stm32g4xx_hal_rcc.o
 .debug_abbrev  0x00002cfe      0x261 ./Drivers/STM32G4xx_HAL_Driver/Src/stm32g4xx_hal_rcc_ex.o

.debug_aranges  0x00000000     0x1188
 .debug_aranges
                0x00000000       0x58 ./Core/Src/adc.o
 .debug_aranges
                0x00000058       0x18 ./Core/Src/cell.o
 .debug_aranges
                0x00000070       0x30 ./Core/Src/diagnostics.o
 .debug_aranges
                0x000000a0       0x60 ./Core/Src/fdcan.o
 .debug_aranges
                0x00000100       0x38 ./Core/Src/gpio.o
 .debug_aranges
                0x00000138       0x50 ./Core/Src/i2c.o
 .debug_aranges
                0x00000188       0x30 ./Core/Src/lptim.o
 .debug_aranges
                0x000001b8       0x30 ./Core/Src/main.o
 .debug_aranges
                0x000001e8       0x30 ./Core/Src/scheduler.o
 .debug_aranges
                0x00000218       0x28 ./Core/Src/soc.o
 .debug_aranges
                0x00000240       0x20 ./Core/Src/stm32g4xx_hal_msp.o
 .debug_aranges
                0x00000260       0x80 ./Core/Src/stm32g4xx_it.o
 .debug_aranges
                0x000002e0       0x68 ./Core/Src/system_monitor.o
 .debug_aranges
                0x00000348       0x28 ./Core/Src/system_stm32g4xx.o
 .debug_aranges
                0x00000370       0x28 ./Core/Startup/startup_stm32g473retx.o
 .debug_aranges
                0x00000398      0x148 ./Drivers/STM32G4xx_HAL_Driver/Src/stm32g4xx_hal.o
 .debug_aranges
                0x000004e0      0x248 ./Drivers/STM32G4xx_HAL_Driver/Src/stm32g4xx_hal_adc.o
 .debug_aranges
                0x00000728      0x128 ./Drivers/STM32G4xx_HAL_Driver/Src/stm32g4xx_hal_cortex.o
 .debug_aranges
                0x00000850      0x208 ./Drivers/STM32G4xx_HAL_Driver/Src/stm32g4xx_hal_fdcan.o
 .debug_aranges
                0x00000a58       0x58 ./Drivers/STM32G4xx_HAL_Driver/Src/stm32g4xx_hal_gpio.o
 .debug_aranges
                0x00000ab0      0x2a0 ./Drivers/STM32G4xx_HAL_Driver/Src/stm32g4xx_hal_i2c.o
 .debug_aranges
                0x00000d50       0x48 ./Drivers/STM32G4xx_HAL_Driver/Src/stm32g4xx_hal_i2c_ex.o
 .debug_aranges
                0x00000d98      0x168 ./Drivers/STM32G4xx_HAL_Driver/Src/stm32g4xx_hal_lptim.o
 .debug_aranges
                0x00000f00      0x140 ./Drivers/STM32G4xx_HAL_Driver/Src/stm32g4xx_hal_pwr_ex.o
 .debug_aranges
                0x00001040       0x98 ./Drivers/STM32G4xx_HAL_Driver/Src/stm32g4xx_hal_rcc.o
 .debug_aranges
                0x000010d8       0xb0 ./Drivers/STM32G4xx_HAL_Driver/Src/stm32g4xx_hal_rcc_ex.o

.debug_rnglists
                0x00000000      0xd36
 .debug_rnglists
                0x00000000       0x40 ./Core/Src/adc.o
 .debug_rnglists
                0x00000040       0x1f ./Core/Src/diagnostics.o
 .debug_rnglists
                0x0000005f       0x54 ./Core/Src/fdcan.o
 .debug_rnglists
                0x000000b3       0x26 ./Core/Src/gpio.o
 .debug_rnglists
                0x000000d9       0x39 ./Core/Src/i2c.o
 .debug_rnglists
                0x00000112       0x1f ./Core/Src/lptim.o
 .debug_rnglists
                0x00000131       0x20 ./Core/Src/main.o
 .debug_rnglists
                0x00000151       0x20 ./Core/Src/scheduler.o
 .debug_rnglists
                0x00000171       0x19 ./Core/Src/soc.o
 .debug_rnglists
                0x0000018a       0x13 ./Core/Src/stm32g4xx_hal_msp.o
 .debug_rnglists
                0x0000019d       0x5b ./Core/Src/stm32g4xx_it.o
 .debug_rnglists
                0x000001f8       0x50 ./Core/Src/system_monitor.o
 .debug_rnglists
                0x00000248       0x1a ./Core/Src/system_stm32g4xx.o
 .debug_rnglists
                0x00000262       0x19 ./Core/Startup/startup_stm32g473retx.o
 .debug_rnglists
                0x0000027b       0xf1 ./Drivers/STM32G4xx_HAL_Driver/Src/stm32g4xx_hal.o
 .debug_rnglists
                0x0000036c      0x1c0 ./Drivers/STM32G4xx_HAL_Driver/Src/stm32g4xx_hal_adc.o
 .debug_rnglists
                0x0000052c       0xda ./Drivers/STM32G4xx_HAL_Driver/Src/stm32g4xx_hal_cortex.o
 .debug_rnglists
                0x00000606      0x18d ./Drivers/STM32G4xx_HAL_Driver/Src/stm32g4xx_hal_fdcan.o
 .debug_rnglists
                0x00000793       0x3f ./Drivers/STM32G4xx_HAL_Driver/Src/stm32g4xx_hal_gpio.o
 .debug_rnglists
                0x000007d2      0x228 ./Drivers/STM32G4xx_HAL_Driver/Src/stm32g4xx_hal_i2c.o
 .debug_rnglists
                0x000009fa       0x35 ./Drivers/STM32G4xx_HAL_Driver/Src/stm32g4xx_hal_i2c_ex.o
 .debug_rnglists
                0x00000a2f      0x11b ./Drivers/STM32G4xx_HAL_Driver/Src/stm32g4xx_hal_lptim.o
 .debug_rnglists
                0x00000b4a       0xf1 ./Drivers/STM32G4xx_HAL_Driver/Src/stm32g4xx_hal_pwr_ex.o
 .debug_rnglists
                0x00000c3b       0x74 ./Drivers/STM32G4xx_HAL_Driver/Src/stm32g4xx_hal_rcc.o
 .debug_rnglists
                0x00000caf       0x87 ./Drivers/STM32G4xx_HAL_Driver/Src/stm32g4xx_hal_rcc_ex.o

.debug_macro    0x00000000    0x23832
 .debug_macro   0x00000000      0x21e ./Core/Src/adc.o
 .debug_macro   0x0000021e      0xad8 ./Core/Src/adc.o
 .debug_macro   0x00000cf6      0x16d ./Core/Src/adc.o
 .debug_macro   0x00000e63       0x2e ./Core/Src/adc.o
 .debug_macro   0x00000e91       0x28 ./Core/Src/adc.o
 .debug_macro   0x00000eb9       0x22 ./Core/Src/adc.o
 .debug_macro   0x00000edb       0x8e ./Core/Src/adc.o
 .debug_macro   0x00000f69       0x51 ./Core/Src/adc.o
 .debug_macro   0x00000fba      0x103 ./Core/Src/adc.o
 .debug_macro   0x000010bd       0x6a ./Core/Src/adc.o
 .debug_macro   0x00001127      0x1df ./Core/Src/adc.o
 .debug_macro   0x00001306       0x1c ./Core/Src/adc.o
 .debug_macro   0x00001322       0x22 ./Core/Src/adc.o
 .debug_macro   0x00001344       0xfb ./Core/Src/adc.o
 .debug_macro   0x0000143f     0x1011 ./Core/Src/adc.o
 .debug_macro   0x00002450      0x11f ./Core/Src/adc.o
 .debug_macro   0x0000256f    0x130df ./Core/Src/adc.o
 .debug_macro   0x0001564e       0x6d ./Core/Src/adc.o
 .debug_macro   0x000156bb     0x3558 ./Core/Src/adc.o
 .debug_macro   0x00018c13      0x190 ./Core/Src/adc.o
 .debug_macro   0x00018da3       0x5c ./Core/Src/adc.o
 .debug_macro   0x00018dff     0x16d9 ./Core/Src/adc.o
 .debug_macro   0x0001a4d8      0x600 ./Core/Src/adc.o
 .debug_macro   0x0001aad8      0x1b6 ./Core/Src/adc.o
 .debug_macro   0x0001ac8e      0x336 ./Core/Src/adc.o
 .debug_macro   0x0001afc4      0x50b ./Core/Src/adc.o
 .debug_macro   0x0001b4cf      0x18b ./Core/Src/adc.o
 .debug_macro   0x0001b65a       0x43 ./Core/Src/adc.o
 .debug_macro   0x0001b69d      0x23d ./Core/Src/adc.o
 .debug_macro   0x0001b8da     0x1111 ./Core/Src/adc.o
 .debug_macro   0x0001c9eb      0x72e ./Core/Src/adc.o
 .debug_macro   0x0001d119      0x391 ./Core/Src/adc.o
 .debug_macro   0x0001d4aa      0x211 ./Core/Src/adc.o
 .debug_macro   0x0001d6bb      0x6bd ./Core/Src/adc.o
 .debug_macro   0x0001dd78      0x45c ./Core/Src/adc.o
 .debug_macro   0x0001e1d4      0x11c ./Core/Src/adc.o
 .debug_macro   0x0001e2f0      0x22c ./Core/Src/adc.o
 .debug_macro   0x0001e51c       0x61 ./Core/Src/adc.o
 .debug_macro   0x0001e57d       0xa5 ./Core/Src/adc.o
 .debug_macro   0x0001e622      0x2d3 ./Core/Src/adc.o
 .debug_macro   0x0001e8f5      0x122 ./Core/Src/adc.o
 .debug_macro   0x0001ea17      0x3d1 ./Core/Src/adc.o
 .debug_macro   0x0001ede8       0xa9 ./Core/Src/adc.o
 .debug_macro   0x0001ee91      0x34a ./Core/Src/adc.o
 .debug_macro   0x0001f1db       0x34 ./Core/Src/adc.o
 .debug_macro   0x0001f20f       0x22 ./Core/Src/adc.o
 .debug_macro   0x0001f231       0x72 ./Core/Src/cell.o
 .debug_macro   0x0001f2a3       0x4c ./Core/Src/cell.o
 .debug_macro   0x0001f2ef      0x219 ./Core/Src/diagnostics.o
 .debug_macro   0x0001f508      0x38b ./Core/Src/fdcan.o
 .debug_macro   0x0001f893       0x3a ./Core/Src/fdcan.o
 .debug_macro   0x0001f8cd       0x22 ./Core/Src/fdcan.o
 .debug_macro   0x0001f8ef       0x52 ./Core/Src/fdcan.o
 .debug_macro   0x0001f941       0x64 ./Core/Src/fdcan.o
 .debug_macro   0x0001f9a5       0x28 ./Core/Src/fdcan.o
 .debug_macro   0x0001f9cd       0x16 ./Core/Src/fdcan.o
 .debug_macro   0x0001f9e3       0x61 ./Core/Src/fdcan.o
 .debug_macro   0x0001fa44       0x2a ./Core/Src/fdcan.o
 .debug_macro   0x0001fa6e       0x43 ./Core/Src/fdcan.o
 .debug_macro   0x0001fab1       0x34 ./Core/Src/fdcan.o
 .debug_macro   0x0001fae5      0x370 ./Core/Src/fdcan.o
 .debug_macro   0x0001fe55       0x16 ./Core/Src/fdcan.o
 .debug_macro   0x0001fe6b       0x4a ./Core/Src/fdcan.o
 .debug_macro   0x0001feb5       0x34 ./Core/Src/fdcan.o
 .debug_macro   0x0001fee9       0x10 ./Core/Src/fdcan.o
 .debug_macro   0x0001fef9       0x58 ./Core/Src/fdcan.o
 .debug_macro   0x0001ff51       0x8e ./Core/Src/fdcan.o
 .debug_macro   0x0001ffdf       0x1c ./Core/Src/fdcan.o
 .debug_macro   0x0001fffb      0x185 ./Core/Src/fdcan.o
 .debug_macro   0x00020180      0x19b ./Core/Src/fdcan.o
 .debug_macro   0x0002031b       0x10 ./Core/Src/fdcan.o
 .debug_macro   0x0002032b       0x1c ./Core/Src/fdcan.o
 .debug_macro   0x00020347       0x16 ./Core/Src/fdcan.o
 .debug_macro   0x0002035d       0x3c ./Core/Src/fdcan.o
 .debug_macro   0x00020399       0x20 ./Core/Src/fdcan.o
 .debug_macro   0x000203b9       0x16 ./Core/Src/fdcan.o
 .debug_macro   0x000203cf      0x3a7 ./Core/Src/gpio.o
 .debug_macro   0x00020776      0x21e ./Core/Src/i2c.o
 .debug_macro   0x00020994       0x10 ./Core/Src/i2c.o
 .debug_macro   0x000209a4      0x219 ./Core/Src/lptim.o
 .debug_macro   0x00020bbd      0x3c2 ./Core/Src/main.o
 .debug_macro   0x00020f7f       0x10 ./Core/Src/main.o
 .debug_macro   0x00020f8f      0x210 ./Core/Src/scheduler.o
 .debug_macro   0x0002119f      0x391 ./Core/Src/soc.o
 .debug_macro   0x00021530       0x3a ./Core/Src/soc.o
 .debug_macro   0x0002156a       0x10 ./Core/Src/soc.o
 .debug_macro   0x0002157a      0x20f ./Core/Src/stm32g4xx_hal_msp.o
 .debug_macro   0x00021789      0x230 ./Core/Src/stm32g4xx_it.o
 .debug_macro   0x000219b9      0x38b ./Core/Src/system_monitor.o
 .debug_macro   0x00021d44      0x200 ./Core/Src/system_stm32g4xx.o
 .debug_macro   0x00021f44      0x24e ./Drivers/STM32G4xx_HAL_Driver/Src/stm32g4xx_hal.o
 .debug_macro   0x00022192      0x21d ./Drivers/STM32G4xx_HAL_Driver/Src/stm32g4xx_hal_adc.o
 .debug_macro   0x000223af      0x200 ./Drivers/STM32G4xx_HAL_Driver/Src/stm32g4xx_hal_cortex.o
 .debug_macro   0x000225af      0x312 ./Drivers/STM32G4xx_HAL_Driver/Src/stm32g4xx_hal_fdcan.o
 .debug_macro   0x000228c1      0x207 ./Drivers/STM32G4xx_HAL_Driver/Src/stm32g4xx_hal_gpio.o
 .debug_macro   0x00022ac8      0x2cc ./Drivers/STM32G4xx_HAL_Driver/Src/stm32g4xx_hal_i2c.o
 .debug_macro   0x00022d94      0x200 ./Drivers/STM32G4xx_HAL_Driver/Src/stm32g4xx_hal_i2c_ex.o
 .debug_macro   0x00022f94      0x208 ./Drivers/STM32G4xx_HAL_Driver/Src/stm32g4xx_hal_lptim.o
 .debug_macro   0x0002319c      0x22a ./Drivers/STM32G4xx_HAL_Driver/Src/stm32g4xx_hal_pwr_ex.o
 .debug_macro   0x000233c6      0x242 ./Drivers/STM32G4xx_HAL_Driver/Src/stm32g4xx_hal_rcc.o
 .debug_macro   0x00023608      0x22a ./Drivers/STM32G4xx_HAL_Driver/Src/stm32g4xx_hal_rcc_ex.o

.debug_line     0x00000000    0x16614
 .debug_line    0x00000000      0x96d ./Core/Src/adc.o
 .debug_line    0x0000096d      0x408 ./Core/Src/cell.o
 .debug_line    0x00000d75      0x7e4 ./Core/Src/diagnostics.o
 .debug_line    0x00001559      0xc7b ./Core/Src/fdcan.o
 .debug_line    0x000021d4      0xa7b ./Core/Src/gpio.o
 .debug_line    0x00002c4f      0x8e3 ./Core/Src/i2c.o
 .debug_line    0x00003532      0x82d ./Core/Src/lptim.o
 .debug_line    0x00003d5f      0xa84 ./Core/Src/main.o
 .debug_line    0x000047e3      0x87f ./Core/Src/scheduler.o
 .debug_line    0x00005062      0x9ea ./Core/Src/soc.o
 .debug_line    0x00005a4c      0x7c0 ./Core/Src/stm32g4xx_hal_msp.o
 .debug_line    0x0000620c      0x8d7 ./Core/Src/stm32g4xx_it.o
 .debug_line    0x00006ae3      0xd17 ./Core/Src/system_monitor.o
 .debug_line    0x000077fa      0x82c ./Core/Src/system_stm32g4xx.o
 .debug_line    0x00008026       0x7b ./Core/Startup/startup_stm32g473retx.o
 .debug_line    0x000080a1      0xbf8 ./Drivers/STM32G4xx_HAL_Driver/Src/stm32g4xx_hal.o
 .debug_line    0x00008c99     0x22c7 ./Drivers/STM32G4xx_HAL_Driver/Src/stm32g4xx_hal_adc.o
 .debug_line    0x0000af60      0xd5d ./Drivers/STM32G4xx_HAL_Driver/Src/stm32g4xx_hal_cortex.o
 .debug_line    0x0000bcbd     0x1962 ./Drivers/STM32G4xx_HAL_Driver/Src/stm32g4xx_hal_fdcan.o
 .debug_line    0x0000d61f      0xbe4 ./Drivers/STM32G4xx_HAL_Driver/Src/stm32g4xx_hal_gpio.o
 .debug_line    0x0000e203     0x3798 ./Drivers/STM32G4xx_HAL_Driver/Src/stm32g4xx_hal_i2c.o
 .debug_line    0x0001199b      0x925 ./Drivers/STM32G4xx_HAL_Driver/Src/stm32g4xx_hal_i2c_ex.o
 .debug_line    0x000122c0     0x1290 ./Drivers/STM32G4xx_HAL_Driver/Src/stm32g4xx_hal_lptim.o
 .debug_line    0x00013550      0xd57 ./Drivers/STM32G4xx_HAL_Driver/Src/stm32g4xx_hal_pwr_ex.o
 .debug_line    0x000142a7     0x107b ./Drivers/STM32G4xx_HAL_Driver/Src/stm32g4xx_hal_rcc.o
 .debug_line    0x00015322     0x12f2 ./Drivers/STM32G4xx_HAL_Driver/Src/stm32g4xx_hal_rcc_ex.o

.debug_str      0x00000000    0xe2079
 .debug_str     0x00000000    0xe2079 ./Core/Src/adc.o
                              0xd83be (size before relaxing)
 .debug_str     0x000e2079     0x3f6e ./Core/Src/cell.o
 .debug_str     0x000e2079    0xd7829 ./Core/Src/diagnostics.o
 .debug_str     0x000e2079    0xdc8dd ./Core/Src/fdcan.o
 .debug_str     0x000e2079    0xdbc29 ./Core/Src/gpio.o
 .debug_str     0x000e2079    0xd82c0 ./Core/Src/i2c.o
 .debug_str     0x000e2079    0xd7d93 ./Core/Src/lptim.o
 .debug_str     0x000e2079    0xdbbea ./Core/Src/main.o
 .debug_str     0x000e2079    0xd77c3 ./Core/Src/scheduler.o
 .debug_str     0x000e2079    0xdb951 ./Core/Src/soc.o
 .debug_str     0x000e2079    0xd795d ./Core/Src/stm32g4xx_hal_msp.o
 .debug_str     0x000e2079    0xd7d84 ./Core/Src/stm32g4xx_it.o
 .debug_str     0x000e2079    0xdbe83 ./Core/Src/system_monitor.o
 .debug_str     0x000e2079    0xd7926 ./Core/Src/system_stm32g4xx.o
 .debug_str     0x000e2079       0x9e ./Core/Startup/startup_stm32g473retx.o
 .debug_str     0x000e2079    0xd85af ./Drivers/STM32G4xx_HAL_Driver/Src/stm32g4xx_hal.o
 .debug_str     0x000e2079    0xd8953 ./Drivers/STM32G4xx_HAL_Driver/Src/stm32g4xx_hal_adc.o
 .debug_str     0x000e2079    0xd826b ./Drivers/STM32G4xx_HAL_Driver/Src/stm32g4xx_hal_cortex.o
 .debug_str     0x000e2079    0xd8ecd ./Drivers/STM32G4xx_HAL_Driver/Src/stm32g4xx_hal_fdcan.o
 .debug_str     0x000e2079    0xd7ab1 ./Drivers/STM32G4xx_HAL_Driver/Src/stm32g4xx_hal_gpio.o
 .debug_str     0x000e2079    0xd8c30 ./Drivers/STM32G4xx_HAL_Driver/Src/stm32g4xx_hal_i2c.o
 .debug_str     0x000e2079    0xd7f45 ./Drivers/STM32G4xx_HAL_Driver/Src/stm32g4xx_hal_i2c_ex.o
 .debug_str     0x000e2079    0xd7f91 ./Drivers/STM32G4xx_HAL_Driver/Src/stm32g4xx_hal_lptim.o
 .debug_str     0x000e2079    0xd7e14 ./Drivers/STM32G4xx_HAL_Driver/Src/stm32g4xx_hal_pwr_ex.o
 .debug_str     0x000e2079    0xd8045 ./Drivers/STM32G4xx_HAL_Driver/Src/stm32g4xx_hal_rcc.o
 .debug_str     0x000e2079    0xd806f ./Drivers/STM32G4xx_HAL_Driver/Src/stm32g4xx_hal_rcc_ex.o

.comment        0x00000000       0x43
 .comment       0x00000000       0x43 ./Core/Src/adc.o
                                 0x44 (size before relaxing)
 .comment       0x00000043       0x44 ./Core/Src/cell.o
 .comment       0x00000043       0x44 ./Core/Src/diagnostics.o
 .comment       0x00000043       0x44 ./Core/Src/fdcan.o
 .comment       0x00000043       0x44 ./Core/Src/gpio.o
 .comment       0x00000043       0x44 ./Core/Src/i2c.o
 .comment       0x00000043       0x44 ./Core/Src/lptim.o
 .comment       0x00000043       0x44 ./Core/Src/main.o
 .comment       0x00000043       0x44 ./Core/Src/scheduler.o
 .comment       0x00000043       0x44 ./Core/Src/soc.o
 .comment       0x00000043       0x44 ./Core/Src/stm32g4xx_hal_msp.o
 .comment       0x00000043       0x44 ./Core/Src/stm32g4xx_it.o
 .comment       0x00000043       0x44 ./Core/Src/system_monitor.o
 .comment       0x00000043       0x44 ./Core/Src/system_stm32g4xx.o
 .comment       0x00000043       0x44 ./Drivers/STM32G4xx_HAL_Driver/Src/stm32g4xx_hal.o
 .comment       0x00000043       0x44 ./Drivers/STM32G4xx_HAL_Driver/Src/stm32g4xx_hal_adc.o
 .comment       0x00000043       0x44 ./Drivers/STM32G4xx_HAL_Driver/Src/stm32g4xx_hal_cortex.o
 .comment       0x00000043       0x44 ./Drivers/STM32G4xx_HAL_Driver/Src/stm32g4xx_hal_fdcan.o
 .comment       0x00000043       0x44 ./Drivers/STM32G4xx_HAL_Driver/Src/stm32g4xx_hal_gpio.o
 .comment       0x00000043       0x44 ./Drivers/STM32G4xx_HAL_Driver/Src/stm32g4xx_hal_i2c.o
 .comment       0x00000043       0x44 ./Drivers/STM32G4xx_HAL_Driver/Src/stm32g4xx_hal_i2c_ex.o
 .comment       0x00000043       0x44 ./Drivers/STM32G4xx_HAL_Driver/Src/stm32g4xx_hal_lptim.o
 .comment       0x00000043       0x44 ./Drivers/STM32G4xx_HAL_Driver/Src/stm32g4xx_hal_pwr_ex.o
 .comment       0x00000043       0x44 ./Drivers/STM32G4xx_HAL_Driver/Src/stm32g4xx_hal_rcc.o
 .comment       0x00000043       0x44 ./Drivers/STM32G4xx_HAL_Driver/Src/stm32g4xx_hal_rcc_ex.o

.debug_frame    0x00000000     0x4838
 .debug_frame   0x00000000      0x13c ./Core/Src/adc.o
 .debug_frame   0x0000013c       0x78 ./Core/Src/diagnostics.o
 .debug_frame   0x000001b4      0x13c ./Core/Src/fdcan.o
 .debug_frame   0x000002f0       0x98 ./Core/Src/gpio.o
 .debug_frame   0x00000388      0x10c ./Core/Src/i2c.o
 .debug_frame   0x00000494       0x78 ./Core/Src/lptim.o
 .debug_frame   0x0000050c       0x68 ./Core/Src/main.o
 .debug_frame   0x00000574       0x84 ./Core/Src/scheduler.o
 .debug_frame   0x000005f8       0x60 ./Core/Src/soc.o
 .debug_frame   0x00000658       0x34 ./Core/Src/stm32g4xx_hal_msp.o
 .debug_frame   0x0000068c      0x174 ./Core/Src/stm32g4xx_it.o
 .debug_frame   0x00000800      0x17c ./Core/Src/system_monitor.o
 .debug_frame   0x0000097c       0x58 ./Core/Src/system_stm32g4xx.o
 .debug_frame   0x000009d4      0x500 ./Drivers/STM32G4xx_HAL_Driver/Src/stm32g4xx_hal.o
 .debug_frame   0x00000ed4      0xacc ./Drivers/STM32G4xx_HAL_Driver/Src/stm32g4xx_hal_adc.o
 .debug_frame   0x000019a0      0x4e8 ./Drivers/STM32G4xx_HAL_Driver/Src/stm32g4xx_hal_cortex.o
 .debug_frame   0x00001e88      0x9ac ./Drivers/STM32G4xx_HAL_Driver/Src/stm32g4xx_hal_fdcan.o
 .debug_frame   0x00002834      0x14c ./Drivers/STM32G4xx_HAL_Driver/Src/stm32g4xx_hal_gpio.o
 .debug_frame   0x00002980      0xc38 ./Drivers/STM32G4xx_HAL_Driver/Src/stm32g4xx_hal_i2c.o
 .debug_frame   0x000035b8      0x100 ./Drivers/STM32G4xx_HAL_Driver/Src/stm32g4xx_hal_i2c_ex.o
 .debug_frame   0x000036b8      0x630 ./Drivers/STM32G4xx_HAL_Driver/Src/stm32g4xx_hal_lptim.o
 .debug_frame   0x00003ce8      0x4fc ./Drivers/STM32G4xx_HAL_Driver/Src/stm32g4xx_hal_pwr_ex.o
 .debug_frame   0x000041e4      0x23c ./Drivers/STM32G4xx_HAL_Driver/Src/stm32g4xx_hal_rcc.o
 .debug_frame   0x00004420      0x2ac ./Drivers/STM32G4xx_HAL_Driver/Src/stm32g4xx_hal_rcc_ex.o
 .debug_frame   0x000046cc       0x20 C:/ST/STM32CubeIDE_1.19.0/STM32CubeIDE/plugins/com.st.stm32cube.ide.mcu.externaltools.gnu-tools-for-stm32.13.3.rel1.win32_1.0.0.202411081344/tools/bin/../lib/gcc/arm-none-eabi/13.3.1/../../../../arm-none-eabi/lib/thumb/v7e-m+fp/hard\libc_nano.a(libc_a-memset.o)
 .debug_frame   0x000046ec       0x2c C:/ST/STM32CubeIDE_1.19.0/STM32CubeIDE/plugins/com.st.stm32cube.ide.mcu.externaltools.gnu-tools-for-stm32.13.3.rel1.win32_1.0.0.202411081344/tools/bin/../lib/gcc/arm-none-eabi/13.3.1/../../../../arm-none-eabi/lib/thumb/v7e-m+fp/hard\libc_nano.a(libc_a-init.o)
 .debug_frame   0x00004718       0xac C:/ST/STM32CubeIDE_1.19.0/STM32CubeIDE/plugins/com.st.stm32cube.ide.mcu.externaltools.gnu-tools-for-stm32.13.3.rel1.win32_1.0.0.202411081344/tools/bin/../lib/gcc/arm-none-eabi/13.3.1/thumb/v7e-m+fp/hard\libgcc.a(_arm_addsubdf3.o)
 .debug_frame   0x000047c4       0x50 C:/ST/STM32CubeIDE_1.19.0/STM32CubeIDE/plugins/com.st.stm32cube.ide.mcu.externaltools.gnu-tools-for-stm32.13.3.rel1.win32_1.0.0.202411081344/tools/bin/../lib/gcc/arm-none-eabi/13.3.1/thumb/v7e-m+fp/hard\libgcc.a(_arm_muldivdf3.o)
 .debug_frame   0x00004814       0x24 C:/ST/STM32CubeIDE_1.19.0/STM32CubeIDE/plugins/com.st.stm32cube.ide.mcu.externaltools.gnu-tools-for-stm32.13.3.rel1.win32_1.0.0.202411081344/tools/bin/../lib/gcc/arm-none-eabi/13.3.1/thumb/v7e-m+fp/hard\libgcc.a(_arm_fixdfsi.o)

.debug_line_str
                0x00000000       0x82
 .debug_line_str
                0x00000000       0x82 ./Core/Startup/startup_stm32g473retx.o
