../Core/Src/system_monitor.c:10:13:SystemMonitor_CurrentFaultDetection	16	static
../Core/Src/system_monitor.c:15:6:SystemMonitor_Init	8	static
../Core/Src/system_monitor.c:43:6:setSystemMode	16	static
../Core/Src/system_monitor.c:57:6:SystemMonitor_Update	24	static
../Core/Src/system_monitor.c:82:6:SystemMonitor_HandleRxCAN1	24	static
../Core/Src/system_monitor.c:112:6:SystemMonitor_HandleRxCAN2	16	static
../Core/Src/system_monitor.c:138:6:SystemMonitor_UpdateCellVoltageData	24	static
../Core/Src/system_monitor.c:169:6:SystemMonitor_UpdateTemperatureData	32	static
../Core/Src/system_monitor.c:203:6:SystemMonitor_CalculateTotalPackVoltage	32	static
../Core/Src/system_monitor.c:216:6:SystemMonitor_SendCAN	24	static
