../Core/Src/system_monitor.c:17:6:SystemMonitor_Init	8	static
../Core/Src/system_monitor.c:49:6:setSystemMode	16	static
../Core/Src/system_monitor.c:53:13:SystemMonitor_CurrentFaultDetection	24	static
../Core/Src/system_monitor.c:72:6:SystemMonitor_Update	64	static
../Core/Src/system_monitor.c:99:6:SystemMonitor_HandleRxCAN1	24	static
../Core/Src/system_monitor.c:129:6:SystemMonitor_HandleRxCAN2	16	static
../Core/Src/system_monitor.c:158:6:SystemMonitor_UpdateCellVoltageData	24	static
../Core/Src/system_monitor.c:189:6:SystemMonitor_UpdateTemperatureData	32	static
../Core/Src/system_monitor.c:223:6:SystemMonitor_CalculateTotalPackVoltage	32	static
../Core/Src/system_monitor.c:236:6:SystemMonitor_SendCAN	24	static
